Archive member included to satisfy reference by file (symbol)

C:/ST/STM32CubeIDE_1.13.2/STM32CubeIDE/plugins/com.st.stm32cube.ide.mcu.externaltools.gnu-tools-for-stm32.11.3.rel1.win32_1.1.1.202309131626/tools/bin/../lib/gcc/arm-none-eabi/11.3.1/../../../../arm-none-eabi/lib/thumb/v7e-m+fp/hard\libc_nano.a(libc_a-exit.o)
                              C:/ST/STM32CubeIDE_1.13.2/STM32CubeIDE/plugins/com.st.stm32cube.ide.mcu.externaltools.gnu-tools-for-stm32.11.3.rel1.win32_1.1.1.202309131626/tools/bin/../lib/gcc/arm-none-eabi/11.3.1/../../../../arm-none-eabi/lib/thumb/v7e-m+fp/hard/crt0.o (exit)
C:/ST/STM32CubeIDE_1.13.2/STM32CubeIDE/plugins/com.st.stm32cube.ide.mcu.externaltools.gnu-tools-for-stm32.11.3.rel1.win32_1.1.1.202309131626/tools/bin/../lib/gcc/arm-none-eabi/11.3.1/../../../../arm-none-eabi/lib/thumb/v7e-m+fp/hard\libc_nano.a(libc_a-findfp.o)
                              C:/ST/STM32CubeIDE_1.13.2/STM32CubeIDE/plugins/com.st.stm32cube.ide.mcu.externaltools.gnu-tools-for-stm32.11.3.rel1.win32_1.1.1.202309131626/tools/bin/../lib/gcc/arm-none-eabi/11.3.1/../../../../arm-none-eabi/lib/thumb/v7e-m+fp/hard\libc_nano.a(libc_a-exit.o) (__stdio_exit_handler)
C:/ST/STM32CubeIDE_1.13.2/STM32CubeIDE/plugins/com.st.stm32cube.ide.mcu.externaltools.gnu-tools-for-stm32.11.3.rel1.win32_1.1.1.202309131626/tools/bin/../lib/gcc/arm-none-eabi/11.3.1/../../../../arm-none-eabi/lib/thumb/v7e-m+fp/hard\libc_nano.a(libc_a-fwalk.o)
                              C:/ST/STM32CubeIDE_1.13.2/STM32CubeIDE/plugins/com.st.stm32cube.ide.mcu.externaltools.gnu-tools-for-stm32.11.3.rel1.win32_1.1.1.202309131626/tools/bin/../lib/gcc/arm-none-eabi/11.3.1/../../../../arm-none-eabi/lib/thumb/v7e-m+fp/hard\libc_nano.a(libc_a-findfp.o) (_fwalk_sglue)
C:/ST/STM32CubeIDE_1.13.2/STM32CubeIDE/plugins/com.st.stm32cube.ide.mcu.externaltools.gnu-tools-for-stm32.11.3.rel1.win32_1.1.1.202309131626/tools/bin/../lib/gcc/arm-none-eabi/11.3.1/../../../../arm-none-eabi/lib/thumb/v7e-m+fp/hard\libc_nano.a(libc_a-stdio.o)
                              C:/ST/STM32CubeIDE_1.13.2/STM32CubeIDE/plugins/com.st.stm32cube.ide.mcu.externaltools.gnu-tools-for-stm32.11.3.rel1.win32_1.1.1.202309131626/tools/bin/../lib/gcc/arm-none-eabi/11.3.1/../../../../arm-none-eabi/lib/thumb/v7e-m+fp/hard\libc_nano.a(libc_a-findfp.o) (__sread)
C:/ST/STM32CubeIDE_1.13.2/STM32CubeIDE/plugins/com.st.stm32cube.ide.mcu.externaltools.gnu-tools-for-stm32.11.3.rel1.win32_1.1.1.202309131626/tools/bin/../lib/gcc/arm-none-eabi/11.3.1/../../../../arm-none-eabi/lib/thumb/v7e-m+fp/hard\libc_nano.a(libc_a-memset.o)
                              C:/ST/STM32CubeIDE_1.13.2/STM32CubeIDE/plugins/com.st.stm32cube.ide.mcu.externaltools.gnu-tools-for-stm32.11.3.rel1.win32_1.1.1.202309131626/tools/bin/../lib/gcc/arm-none-eabi/11.3.1/../../../../arm-none-eabi/lib/thumb/v7e-m+fp/hard/crt0.o (memset)
C:/ST/STM32CubeIDE_1.13.2/STM32CubeIDE/plugins/com.st.stm32cube.ide.mcu.externaltools.gnu-tools-for-stm32.11.3.rel1.win32_1.1.1.202309131626/tools/bin/../lib/gcc/arm-none-eabi/11.3.1/../../../../arm-none-eabi/lib/thumb/v7e-m+fp/hard\libc_nano.a(libc_a-closer.o)
                              C:/ST/STM32CubeIDE_1.13.2/STM32CubeIDE/plugins/com.st.stm32cube.ide.mcu.externaltools.gnu-tools-for-stm32.11.3.rel1.win32_1.1.1.202309131626/tools/bin/../lib/gcc/arm-none-eabi/11.3.1/../../../../arm-none-eabi/lib/thumb/v7e-m+fp/hard\libc_nano.a(libc_a-stdio.o) (_close_r)
C:/ST/STM32CubeIDE_1.13.2/STM32CubeIDE/plugins/com.st.stm32cube.ide.mcu.externaltools.gnu-tools-for-stm32.11.3.rel1.win32_1.1.1.202309131626/tools/bin/../lib/gcc/arm-none-eabi/11.3.1/../../../../arm-none-eabi/lib/thumb/v7e-m+fp/hard\libc_nano.a(libc_a-reent.o)
                              C:/ST/STM32CubeIDE_1.13.2/STM32CubeIDE/plugins/com.st.stm32cube.ide.mcu.externaltools.gnu-tools-for-stm32.11.3.rel1.win32_1.1.1.202309131626/tools/bin/../lib/gcc/arm-none-eabi/11.3.1/../../../../arm-none-eabi/lib/thumb/v7e-m+fp/hard\libc_nano.a(libc_a-closer.o) (errno)
C:/ST/STM32CubeIDE_1.13.2/STM32CubeIDE/plugins/com.st.stm32cube.ide.mcu.externaltools.gnu-tools-for-stm32.11.3.rel1.win32_1.1.1.202309131626/tools/bin/../lib/gcc/arm-none-eabi/11.3.1/../../../../arm-none-eabi/lib/thumb/v7e-m+fp/hard\libc_nano.a(libc_a-impure.o)
                              C:/ST/STM32CubeIDE_1.13.2/STM32CubeIDE/plugins/com.st.stm32cube.ide.mcu.externaltools.gnu-tools-for-stm32.11.3.rel1.win32_1.1.1.202309131626/tools/bin/../lib/gcc/arm-none-eabi/11.3.1/../../../../arm-none-eabi/lib/thumb/v7e-m+fp/hard\libc_nano.a(libc_a-reent.o) (_impure_ptr)
C:/ST/STM32CubeIDE_1.13.2/STM32CubeIDE/plugins/com.st.stm32cube.ide.mcu.externaltools.gnu-tools-for-stm32.11.3.rel1.win32_1.1.1.202309131626/tools/bin/../lib/gcc/arm-none-eabi/11.3.1/../../../../arm-none-eabi/lib/thumb/v7e-m+fp/hard\libc_nano.a(libc_a-lseekr.o)
[...]
Memory Configuration

Name             Origin             Length             Attributes
CCMRAM           0x0000000010000000 0x0000000000010000 xrw
RAM              0x0000000020000000 0x0000000000020000 xrw
FLASH            0x0000000008000000 0x0000000000100000 xr
*default*        0x0000000000000000 0xffffffffffffffff

Linker script and memory map

LOAD C:/ST/STM32CubeIDE_1.13.2/STM32CubeIDE/plugins/com.st.stm32cube.ide.mcu.externaltools.gnu-tools-for-stm32.11.3.rel1.win32_1.1.1.202309131626/tools/bin/../lib/gcc/arm-none-eabi/11.3.1/thumb/v7e-m+fp/hard/crti.o
LOAD C:/ST/STM32CubeIDE_1.13.2/STM32CubeIDE/plugins/com.st.stm32cube.ide.mcu.externaltools.gnu-tools-for-stm32.11.3.rel1.win32_1.1.1.202309131626/tools/bin/../lib/gcc/arm-none-eabi/11.3.1/thumb/v7e-m+fp/hard/crtbegin.o
LOAD C:/ST/STM32CubeIDE_1.13.2/STM32CubeIDE/plugins/com.st.stm32cube.ide.mcu.externaltools.gnu-tools-for-stm32.11.3.rel1.win32_1.1.1.202309131626/tools/bin/../lib/gcc/arm-none-eabi/11.3.1/../../../../arm-none-eabi/lib/thumb/v7e-m+fp/hard/crt0.o
LOAD ./Core/Inc/qstamp.o
LOAD ./Core/Src/actorA.o
LOAD ./Core/Src/bsp.o
LOAD ./Core/Src/main.o
LOAD ./Core/Src/stm32f4xx_hal_msp.o
LOAD ./Core/Src/stm32f4xx_it.o
LOAD ./Core/Src/syscalls.o
LOAD ./Core/Src/sysmem.o
LOAD ./Core/Src/system_stm32f4xx.o
LOAD ./Core/Src/util.o
LOAD ./Core/Src/qf/qep_hsm.o
LOAD ./Core/Src/qf/qep_msm.o
LOAD ./Core/Src/qf/qf_act.o
LOAD ./Core/Src/qf/qf_actq.o
LOAD ./Core/Src/qf/qf_defer.o
LOAD ./Core/Src/qf/qf_dyn.o
LOAD ./Core/Src/qf/qf_mem.o
LOAD ./Core/Src/qf/qf_ps.o
LOAD ./Core/Src/qf/qf_qact.o
LOAD ./Core/Src/qf/qf_qeq.o
LOAD ./Core/Src/qf/qf_qmact.o
LOAD ./Core/Src/qf/qf_time.o
LOAD ./Core/Src/qv/qv.o
LOAD ./Core/Startup/startup_stm32f407zgtx.o
LOAD ./Core/qv/gnu/qv_port.o
LOAD ./Drivers/STM32F4xx_HAL_Driver/Src/stm32f4xx_hal.o
LOAD ./Drivers/STM32F4xx_HAL_Driver/Src/stm32f4xx_hal_cortex.o
LOAD ./Drivers/STM32F4xx_HAL_Driver/Src/stm32f4xx_hal_dma.o
LOAD ./Drivers/STM32F4xx_HAL_Driver/Src/stm32f4xx_hal_dma_ex.o
LOAD ./Drivers/STM32F4xx_HAL_Driver/Src/stm32f4xx_hal_exti.o
LOAD ./Drivers/STM32F4xx_HAL_Driver/Src/stm32f4xx_hal_flash.o
LOAD ./Drivers/STM32F4xx_HAL_Driver/Src/stm32f4xx_hal_flash_ex.o
LOAD ./Drivers/STM32F4xx_HAL_Driver/Src/stm32f4xx_hal_flash_ramfunc.o
LOAD ./Drivers/STM32F4xx_HAL_Driver/Src/stm32f4xx_hal_gpio.o
LOAD ./Drivers/STM32F4xx_HAL_Driver/Src/stm32f4xx_hal_i2c.o
LOAD ./Drivers/STM32F4xx_HAL_Driver/Src/stm32f4xx_hal_i2c_ex.o
LOAD ./Drivers/STM32F4xx_HAL_Driver/Src/stm32f4xx_hal_pwr.o
LOAD ./Drivers/STM32F4xx_HAL_Driver/Src/stm32f4xx_hal_pwr_ex.o
LOAD ./Drivers/STM32F4xx_HAL_Driver/Src/stm32f4xx_hal_rcc.o
LOAD ./Drivers/STM32F4xx_HAL_Driver/Src/stm32f4xx_hal_rcc_ex.o
LOAD ./Drivers/STM32F4xx_HAL_Driver/Src/stm32f4xx_hal_tim.o
LOAD ./Drivers/STM32F4xx_HAL_Driver/Src/stm32f4xx_hal_tim_ex.o
START GROUP
LOAD C:/ST/STM32CubeIDE_1.13.2/STM32CubeIDE/plugins/com.st.stm32cube.ide.mcu.externaltools.gnu-tools-for-stm32.11.3.rel1.win32_1.1.1.202309131626/tools/bin/../lib/gcc/arm-none-eabi/11.3.1/../../../../arm-none-eabi/lib/thumb/v7e-m+fp/hard\libc_nano.a
LOAD C:/ST/STM32CubeIDE_1.13.2/STM32CubeIDE/plugins/com.st.stm32cube.ide.mcu.externaltools.gnu-tools-for-stm32.11.3.rel1.win32_1.1.1.202309131626/tools/bin/../lib/gcc/arm-none-eabi/11.3.1/../../../../arm-none-eabi/lib/thumb/v7e-m+fp/hard\libm.a
END GROUP
START GROUP
LOAD C:/ST/STM32CubeIDE_1.13.2/STM32CubeIDE/plugins/com.st.stm32cube.ide.mcu.externaltools.gnu-tools-for-stm32.11.3.rel1.win32_1.1.1.202309131626/tools/bin/../lib/gcc/arm-none-eabi/11.3.1/thumb/v7e-m+fp/hard\libgcc.a
LOAD C:/ST/STM32CubeIDE_1.13.2/STM32CubeIDE/plugins/com.st.stm32cube.ide.mcu.externaltools.gnu-tools-for-stm32.11.3.rel1.win32_1.1.1.202309131626/tools/bin/../lib/gcc/arm-none-eabi/11.3.1/../../../../arm-none-eabi/lib/thumb/v7e-m+fp/hard\libc_nano.a
END GROUP
START GROUP
LOAD C:/ST/STM32CubeIDE_1.13.2/STM32CubeIDE/plugins/com.st.stm32cube.ide.mcu.externaltools.gnu-tools-for-stm32.11.3.rel1.win32_1.1.1.202309131626/tools/bin/../lib/gcc/arm-none-eabi/11.3.1/thumb/v7e-m+fp/hard\libgcc.a
LOAD C:/ST/STM32CubeIDE_1.13.2/STM32CubeIDE/plugins/com.st.stm32cube.ide.mcu.externaltools.gnu-tools-for-stm32.11.3.rel1.win32_1.1.1.202309131626/tools/bin/../lib/gcc/arm-none-eabi/11.3.1/../../../../arm-none-eabi/lib/thumb/v7e-m+fp/hard\libc_nano.a
LOAD C:/ST/STM32CubeIDE_1.13.2/STM32CubeIDE/plugins/com.st.stm32cube.ide.mcu.externaltools.gnu-tools-for-stm32.11.3.rel1.win32_1.1.1.202309131626/tools/bin/../lib/gcc/arm-none-eabi/11.3.1/../../../../arm-none-eabi/lib/thumb/v7e-m+fp/hard\libnosys.a
END GROUP
START GROUP
LOAD C:/ST/STM32CubeIDE_1.13.2/STM32CubeIDE/plugins/com.st.stm32cube.ide.mcu.externaltools.gnu-tools-for-stm32.11.3.rel1.win32_1.1.1.202309131626/tools/bin/../lib/gcc/arm-none-eabi/11.3.1/thumb/v7e-m+fp/hard\libgcc.a
LOAD C:/ST/STM32CubeIDE_1.13.2/STM32CubeIDE/plugins/com.st.stm32cube.ide.mcu.externaltools.gnu-tools-for-stm32.11.3.rel1.win32_1.1.1.202309131626/tools/bin/../lib/gcc/arm-none-eabi/11.3.1/../../../../arm-none-eabi/lib/thumb/v7e-m+fp/hard\libc_nano.a
LOAD C:/ST/STM32CubeIDE_1.13.2/STM32CubeIDE/plugins/com.st.stm32cube.ide.mcu.externaltools.gnu-tools-for-stm32.11.3.rel1.win32_1.1.1.202309131626/tools/bin/../lib/gcc/arm-none-eabi/11.3.1/../../../../arm-none-eabi/lib/thumb/v7e-m+fp/hard\libnosys.a
END GROUP
LOAD C:/ST/STM32CubeIDE_1.13.2/STM32CubeIDE/plugins/com.st.stm32cube.ide.mcu.externaltools.gnu-tools-for-stm32.11.3.rel1.win32_1.1.1.202309131626/tools/bin/../lib/gcc/arm-none-eabi/11.3.1/thumb/v7e-m+fp/hard/crtend.o
LOAD C:/ST/STM32CubeIDE_1.13.2/STM32CubeIDE/plugins/com.st.stm32cube.ide.mcu.externaltools.gnu-tools-for-stm32.11.3.rel1.win32_1.1.1.202309131626/tools/bin/../lib/gcc/arm-none-eabi/11.3.1/thumb/v7e-m+fp/hard/crtn.o
                0x0000000020020000                _estack = (ORIGIN (RAM) + LENGTH (RAM))
                0x0000000000000200                _Min_Heap_Size = 0x200
                0x0000000000000400                _Min_Stack_Size = 0x400

.isr_vector     0x0000000008000000      0x188
                0x0000000008000000                . = ALIGN (0x4)
 *(.isr_vector)
 .isr_vector    0x0000000008000000      0x188 ./Core/Startup/startup_stm32f407zgtx.o
                0x0000000008000000                g_pfnVectors
                0x0000000008000188                . = ALIGN (0x4)

.text           0x0000000008000188     0x4b44
                0x0000000008000188                . = ALIGN (0x4)
 *(.text)
 .text          0x0000000008000188       0x40 C:/ST/STM32CubeIDE_1.13.2/STM32CubeIDE/plugins/com.st.stm32cube.ide.mcu.externaltools.gnu-tools-for-stm32.11.3.rel1.win32_1.1.1.202309131626/tools/bin/../lib/gcc/arm-none-eabi/11.3.1/thumb/v7e-m+fp/hard/crtbegin.o
 .text          0x00000000080001c8       0x30 C:/ST/STM32CubeIDE_1.13.2/STM32CubeIDE/plugins/com.st.stm32cube.ide.mcu.externaltools.gnu-tools-for-stm32.11.3.rel1.win32_1.1.1.202309131626/tools/bin/../lib/gcc/arm-none-eabi/11.3.1/thumb/v7e-m+fp/hard\libgcc.a(_aeabi_uldivmod.o)
                0x00000000080001c8                __aeabi_uldivmod
 .text          0x00000000080001f8      0x2c8 C:/ST/STM32CubeIDE_1.13.2/STM32CubeIDE/plugins/com.st.stm32cube.ide.mcu.externaltools.gnu-tools-for-stm32.11.3.rel1.win32_1.1.1.202309131626/tools/bin/../lib/gcc/arm-none-eabi/11.3.1/thumb/v7e-m+fp/hard\libgcc.a(_udivmoddi4.o)
                0x00000000080001f8                __udivmoddi4
 .text          0x00000000080004c0        0x4 C:/ST/STM32CubeIDE_1.13.2/STM32CubeIDE/plugins/com.st.stm32cube.ide.mcu.externaltools.gnu-tools-for-stm32.11.3.rel1.win32_1.1.1.202309131626/tools/bin/../lib/gcc/arm-none-eabi/11.3.1/thumb/v7e-m+fp/hard\libgcc.a(_dvmd_tls.o)
                0x00000000080004c0                __aeabi_idiv0
                0x00000000080004c0                __aeabi_ldiv0
 *(.text*)
 .text.actorA_ctor
                0x00000000080004c4       0x44 ./Core/Src/actorA.o
                0x00000000080004c4                actorA_ctor
 .text.actorA_initial
                0x0000000008000508       0x4c ./Core/Src/actorA.o
 .text.actorA_S00
                0x0000000008000554      0x334 ./Core/Src/actorA.o
 .text.QF_onStartup
                0x0000000008000888        0xe ./Core/Src/bsp.o
                0x0000000008000888                QF_onStartup
 .text.QV_onIdle
                0x0000000008000896       0x14 ./Core/Src/bsp.o
                0x0000000008000896                QV_onIdle
 .text.Q_onAssert
                0x00000000080008aa       0x16 ./Core/Src/bsp.o
                0x00000000080008aa                Q_onAssert
 .text.main     0x00000000080008c0       0x80 ./Core/Src/main.o
                0x00000000080008c0                main
 .text.SystemClock_Config
                0x0000000008000940       0xbc ./Core/Src/main.o
                0x0000000008000940                SystemClock_Config
 .text.MX_I2C2_Init
                0x00000000080009fc       0x5c ./Core/Src/main.o
 .text.MX_TIM4_Init
                0x0000000008000a58       0xb4 ./Core/Src/main.o
 .text.MX_GPIO_Init
                0x0000000008000b0c      0x1a8 ./Core/Src/main.o
 .text.Error_Handler
                0x0000000008000cb4        0xa ./Core/Src/main.o
                0x0000000008000cb4                Error_Handler
 *fill*         0x0000000008000cbe        0x2 
 .text.HAL_MspInit
                0x0000000008000cc0       0x50 ./Core/Src/stm32f4xx_hal_msp.o
                0x0000000008000cc0                HAL_MspInit
 .text.HAL_I2C_MspInit
                0x0000000008000d10       0x90 ./Core/Src/stm32f4xx_hal_msp.o
                0x0000000008000d10                HAL_I2C_MspInit
 .text.HAL_TIM_PWM_MspInit
                0x0000000008000da0       0x44 ./Core/Src/stm32f4xx_hal_msp.o
                0x0000000008000da0                HAL_TIM_PWM_MspInit
 .text.HAL_TIM_MspPostInit
                0x0000000008000de4       0x74 ./Core/Src/stm32f4xx_hal_msp.o
                0x0000000008000de4                HAL_TIM_MspPostInit
 .text.NMI_Handler
                0x0000000008000e58        0x6 ./Core/Src/stm32f4xx_it.o
                0x0000000008000e58                NMI_Handler
 .text.HardFault_Handler
                0x0000000008000e5e        0x6 ./Core/Src/stm32f4xx_it.o
                0x0000000008000e5e                HardFault_Handler
 .text.MemManage_Handler
                0x0000000008000e64        0x6 ./Core/Src/stm32f4xx_it.o
                0x0000000008000e64                MemManage_Handler
 .text.BusFault_Handler
                0x0000000008000e6a        0x6 ./Core/Src/stm32f4xx_it.o
                0x0000000008000e6a                BusFault_Handler
 .text.UsageFault_Handler
                0x0000000008000e70        0x6 ./Core/Src/stm32f4xx_it.o
                0x0000000008000e70                UsageFault_Handler
 .text.SVC_Handler
                0x0000000008000e76        0xe ./Core/Src/stm32f4xx_it.o
                0x0000000008000e76                SVC_Handler
 .text.DebugMon_Handler
                0x0000000008000e84        0xe ./Core/Src/stm32f4xx_it.o
                0x0000000008000e84                DebugMon_Handler
 .text.PendSV_Handler
                0x0000000008000e92        0xe ./Core/Src/stm32f4xx_it.o
                0x0000000008000e92                PendSV_Handler
 .text.SysTick_Handler
                0x0000000008000ea0       0x14 ./Core/Src/stm32f4xx_it.o
                0x0000000008000ea0                SysTick_Handler
 .text.SystemInit
                0x0000000008000eb4       0x24 ./Core/Src/system_stm32f4xx.o
                0x0000000008000eb4                SystemInit
 .text.Digit_Number
                0x0000000008000ed8       0x7c ./Core/Src/util.o
                0x0000000008000ed8                Digit_Number
 .text.Digit_Update
                0x0000000008000f54       0x94 ./Core/Src/util.o
 .text.Matrix_Update
                0x0000000008000fe8       0xa8 ./Core/Src/util.o
                0x0000000008000fe8                Matrix_Update
 .text.Buzz_On  0x0000000008001090       0x14 ./Core/Src/util.o
                0x0000000008001090                Buzz_On
 .text.Buzz_Off
                0x00000000080010a4       0x14 ./Core/Src/util.o
                0x00000000080010a4                Buzz_Off
 .text.Buzz_SetFreq
                0x00000000080010b8       0x20 ./Core/Src/util.o
                0x00000000080010b8                Buzz_SetFreq
 .text.Rot_Read
                0x00000000080010d8       0xe0 ./Core/Src/util.o
                0x00000000080010d8                Rot_Read
 .text.QHsm_ctor
                0x00000000080011b8       0x30 ./Core/Src/qf/qep_hsm.o
                0x00000000080011b8                QHsm_ctor
 .text.QHsm_top
                0x00000000080011e8       0x18 ./Core/Src/qf/qep_hsm.o
                0x00000000080011e8                QHsm_top
 .text.QHsm_init_
                0x0000000008001200      0x108 ./Core/Src/qf/qep_hsm.o
                0x0000000008001200                QHsm_init_
 .text.QHsm_dispatch_
                0x0000000008001308      0x184 ./Core/Src/qf/qep_hsm.o
                0x0000000008001308                QHsm_dispatch_
 .text.QHsm_tran_
                0x000000000800148c      0x1c8 ./Core/Src/qf/qep_hsm.o
                0x000000000800148c                QHsm_tran_
 .text.QPSet_insert
                0x0000000008001654       0x2a ./Core/Src/qf/qf_actq.o
 *fill*         0x000000000800167e        0x2 
 .text.QActive_post_
                0x0000000008001680      0x114 ./Core/Src/qf/qf_actq.o
                0x0000000008001680                QActive_post_
 .text.QActive_postLIFO_
                0x0000000008001794       0xcc ./Core/Src/qf/qf_actq.o
                0x0000000008001794                QActive_postLIFO_
 .text.QActive_get_
                0x0000000008001860       0xb0 ./Core/Src/qf/qf_actq.o
                0x0000000008001860                QActive_get_
 .text.QF_poolInit
                0x0000000008001910       0x84 ./Core/Src/qf/qf_dyn.o
                0x0000000008001910                QF_poolInit
 .text.QF_newX_
                0x0000000008001994       0xc8 ./Core/Src/qf/qf_dyn.o
                0x0000000008001994                QF_newX_
 .text.QF_gc    0x0000000008001a5c       0x88 ./Core/Src/qf/qf_dyn.o
                0x0000000008001a5c                QF_gc
 .text.QMPool_init
                0x0000000008001ae4       0xe4 ./Core/Src/qf/qf_mem.o
                0x0000000008001ae4                QMPool_init
 .text.QMPool_get
                0x0000000008001bc8       0xd8 ./Core/Src/qf/qf_mem.o
                0x0000000008001bc8                QMPool_get
 .text.QMPool_put
                0x0000000008001ca0       0x70 ./Core/Src/qf/qf_mem.o
                0x0000000008001ca0                QMPool_put
 .text.QF_bzero
                0x0000000008001d10       0x3a ./Core/Src/qf/qf_qact.o
                0x0000000008001d10                QF_bzero
 *fill*         0x0000000008001d4a        0x2 
 .text.QActive_ctor
                0x0000000008001d4c       0x30 ./Core/Src/qf/qf_qact.o
                0x0000000008001d4c                QActive_ctor
 .text.QActive_register_
                0x0000000008001d7c      0x104 ./Core/Src/qf/qf_qact.o
                0x0000000008001d7c                QActive_register_
 .text.QEQueue_init
                0x0000000008001e80       0x54 ./Core/Src/qf/qf_qeq.o
                0x0000000008001e80                QEQueue_init
 .text.QTimeEvt_ctorX
                0x0000000008001ed4       0x60 ./Core/Src/qf/qf_time.o
                0x0000000008001ed4                QTimeEvt_ctorX
 .text.QTimeEvt_armX
                0x0000000008001f34       0xbc ./Core/Src/qf/qf_time.o
                0x0000000008001f34                QTimeEvt_armX
 .text.QTimeEvt_tick_
                0x0000000008001ff0      0x148 ./Core/Src/qf/qf_time.o
                0x0000000008001ff0                QTimeEvt_tick_
 .text.QPSet_notEmpty
                0x0000000008002138       0x22 ./Core/Src/qv/qv.o
 .text.QPSet_remove
                0x000000000800215a       0x2c ./Core/Src/qv/qv.o
 .text.QPSet_findMax
                0x0000000008002186       0x20 ./Core/Src/qv/qv.o
 *fill*         0x00000000080021a6        0x2 
 .text.QF_init  0x00000000080021a8       0x3c ./Core/Src/qv/qv.o
                0x00000000080021a8                QF_init
 .text.QF_run   0x00000000080021e4       0x88 ./Core/Src/qv/qv.o
                0x00000000080021e4                QF_run
 .text.QActive_start_
                0x000000000800226c       0x74 ./Core/Src/qv/qv.o
                0x000000000800226c                QActive_start_
 .text.Reset_Handler
                0x00000000080022e0       0x50 ./Core/Startup/startup_stm32f407zgtx.o
                0x00000000080022e0                Reset_Handler
 .text.Default_Handler
                0x0000000008002330        0x2 ./Core/Startup/startup_stm32f407zgtx.o
                0x0000000008002330                RTC_Alarm_IRQHandler
                0x0000000008002330                HASH_RNG_IRQHandler
                0x0000000008002330                EXTI2_IRQHandler
                0x0000000008002330                TIM8_CC_IRQHandler
                0x0000000008002330                TIM1_CC_IRQHandler
                0x0000000008002330                DMA2_Stream5_IRQHandler
                0x0000000008002330                DMA1_Stream5_IRQHandler
                0x0000000008002330                PVD_IRQHandler
                0x0000000008002330                SDIO_IRQHandler
                0x0000000008002330                TAMP_STAMP_IRQHandler
                0x0000000008002330                CAN2_RX1_IRQHandler
                0x0000000008002330                EXTI3_IRQHandler
                0x0000000008002330                TIM8_TRG_COM_TIM14_IRQHandler
                0x0000000008002330                TIM1_UP_TIM10_IRQHandler
                0x0000000008002330                TIM8_UP_TIM13_IRQHandler
                0x0000000008002330                I2C3_ER_IRQHandler
                0x0000000008002330                EXTI0_IRQHandler
                0x0000000008002330                I2C2_EV_IRQHandler
                0x0000000008002330                DMA1_Stream2_IRQHandler
                0x0000000008002330                CAN1_RX0_IRQHandler
                0x0000000008002330                FPU_IRQHandler
                0x0000000008002330                OTG_HS_WKUP_IRQHandler
                0x0000000008002330                CAN2_SCE_IRQHandler
                0x0000000008002330                DMA2_Stream2_IRQHandler
                0x0000000008002330                SPI1_IRQHandler
                0x0000000008002330                TIM6_DAC_IRQHandler
                0x0000000008002330                TIM1_BRK_TIM9_IRQHandler
                0x0000000008002330                DCMI_IRQHandler
                0x0000000008002330                CAN2_RX0_IRQHandler
                0x0000000008002330                DMA2_Stream3_IRQHandler
                0x0000000008002330                USART6_IRQHandler
                0x0000000008002330                USART3_IRQHandler
                0x0000000008002330                CAN1_RX1_IRQHandler
                0x0000000008002330                UART5_IRQHandler
                0x0000000008002330                DMA2_Stream0_IRQHandler
                0x0000000008002330                TIM4_IRQHandler
                0x0000000008002330                I2C1_EV_IRQHandler
                0x0000000008002330                DMA1_Stream6_IRQHandler
                0x0000000008002330                DMA1_Stream1_IRQHandler
                0x0000000008002330                UART4_IRQHandler
                0x0000000008002330                TIM3_IRQHandler
                0x0000000008002330                RCC_IRQHandler
                0x0000000008002330                TIM8_BRK_TIM12_IRQHandler
                0x0000000008002330                Default_Handler
                0x0000000008002330                EXTI15_10_IRQHandler
                0x0000000008002330                ADC_IRQHandler
                0x0000000008002330                DMA1_Stream7_IRQHandler
                0x0000000008002330                TIM7_IRQHandler
                0x0000000008002330                CAN2_TX_IRQHandler
                0x0000000008002330                TIM5_IRQHandler
                0x0000000008002330                DMA2_Stream7_IRQHandler
                0x0000000008002330                I2C3_EV_IRQHandler
                0x0000000008002330                EXTI9_5_IRQHandler
                0x0000000008002330                RTC_WKUP_IRQHandler
                0x0000000008002330                ETH_WKUP_IRQHandler
                0x0000000008002330                SPI2_IRQHandler
                0x0000000008002330                OTG_HS_EP1_IN_IRQHandler
                0x0000000008002330                DMA1_Stream0_IRQHandler
                0x0000000008002330                CAN1_TX_IRQHandler
                0x0000000008002330                EXTI4_IRQHandler
                0x0000000008002330                FSMC_IRQHandler
                0x0000000008002330                ETH_IRQHandler
                0x0000000008002330                OTG_HS_EP1_OUT_IRQHandler
                0x0000000008002330                WWDG_IRQHandler
                0x0000000008002330                TIM2_IRQHandler
                0x0000000008002330                OTG_FS_WKUP_IRQHandler
                0x0000000008002330                TIM1_TRG_COM_TIM11_IRQHandler
                0x0000000008002330                OTG_HS_IRQHandler
                0x0000000008002330                EXTI1_IRQHandler
                0x0000000008002330                USART2_IRQHandler
                0x0000000008002330                I2C2_ER_IRQHandler
                0x0000000008002330                DMA2_Stream1_IRQHandler
                0x0000000008002330                CAN1_SCE_IRQHandler
                0x0000000008002330                FLASH_IRQHandler
                0x0000000008002330                DMA2_Stream4_IRQHandler
                0x0000000008002330                USART1_IRQHandler
                0x0000000008002330                OTG_FS_IRQHandler
                0x0000000008002330                SPI3_IRQHandler
                0x0000000008002330                DMA1_Stream4_IRQHandler
                0x0000000008002330                I2C1_ER_IRQHandler
                0x0000000008002330                DMA2_Stream6_IRQHandler
                0x0000000008002330                DMA1_Stream3_IRQHandler
 *fill*         0x0000000008002332        0x2 
 .text.QV_init  0x0000000008002334       0x7c ./Core/qv/gnu/qv_port.o
                0x0000000008002334                QV_init
 .text.HAL_Init
                0x00000000080023b0       0x44 ./Drivers/STM32F4xx_HAL_Driver/Src/stm32f4xx_hal.o
                0x00000000080023b0                HAL_Init
 .text.HAL_InitTick
                0x00000000080023f4       0x60 ./Drivers/STM32F4xx_HAL_Driver/Src/stm32f4xx_hal.o
                0x00000000080023f4                HAL_InitTick
 .text.HAL_IncTick
                0x0000000008002454       0x28 ./Drivers/STM32F4xx_HAL_Driver/Src/stm32f4xx_hal.o
                0x0000000008002454                HAL_IncTick
 .text.HAL_GetTick
                0x000000000800247c       0x18 ./Drivers/STM32F4xx_HAL_Driver/Src/stm32f4xx_hal.o
                0x000000000800247c                HAL_GetTick
 .text.__NVIC_SetPriorityGrouping
                0x0000000008002494       0x48 ./Drivers/STM32F4xx_HAL_Driver/Src/stm32f4xx_hal_cortex.o
 .text.__NVIC_GetPriorityGrouping
                0x00000000080024dc       0x1c ./Drivers/STM32F4xx_HAL_Driver/Src/stm32f4xx_hal_cortex.o
 .text.__NVIC_SetPriority
                0x00000000080024f8       0x54 ./Drivers/STM32F4xx_HAL_Driver/Src/stm32f4xx_hal_cortex.o
 .text.NVIC_EncodePriority
                0x000000000800254c       0x66 ./Drivers/STM32F4xx_HAL_Driver/Src/stm32f4xx_hal_cortex.o
 *fill*         0x00000000080025b2        0x2 
 .text.SysTick_Config
                0x00000000080025b4       0x44 ./Drivers/STM32F4xx_HAL_Driver/Src/stm32f4xx_hal_cortex.o
 .text.HAL_NVIC_SetPriorityGrouping
                0x00000000080025f8       0x16 ./Drivers/STM32F4xx_HAL_Driver/Src/stm32f4xx_hal_cortex.o
                0x00000000080025f8                HAL_NVIC_SetPriorityGrouping
 .text.HAL_NVIC_SetPriority
                0x000000000800260e       0x38 ./Drivers/STM32F4xx_HAL_Driver/Src/stm32f4xx_hal_cortex.o
                0x000000000800260e                HAL_NVIC_SetPriority
 .text.HAL_SYSTICK_Config
                0x0000000008002646       0x18 ./Drivers/STM32F4xx_HAL_Driver/Src/stm32f4xx_hal_cortex.o
                0x0000000008002646                HAL_SYSTICK_Config
 *fill*         0x000000000800265e        0x2 
 .text.HAL_GPIO_Init
                0x0000000008002660      0x338 ./Drivers/STM32F4xx_HAL_Driver/Src/stm32f4xx_hal_gpio.o
                0x0000000008002660                HAL_GPIO_Init
 .text.HAL_GPIO_ReadPin
                0x0000000008002998       0x30 ./Drivers/STM32F4xx_HAL_Driver/Src/stm32f4xx_hal_gpio.o
                0x0000000008002998                HAL_GPIO_ReadPin
 .text.HAL_GPIO_WritePin
                0x00000000080029c8       0x32 ./Drivers/STM32F4xx_HAL_Driver/Src/stm32f4xx_hal_gpio.o
                0x00000000080029c8                HAL_GPIO_WritePin
 .text.HAL_GPIO_TogglePin
                0x00000000080029fa       0x34 ./Drivers/STM32F4xx_HAL_Driver/Src/stm32f4xx_hal_gpio.o
                0x00000000080029fa                HAL_GPIO_TogglePin
 *fill*         0x0000000008002a2e        0x2 
 .text.HAL_I2C_Init
                0x0000000008002a30      0x288 ./Drivers/STM32F4xx_HAL_Driver/Src/stm32f4xx_hal_i2c.o
                0x0000000008002a30                HAL_I2C_Init
 .text.HAL_I2C_Master_Transmit
                0x0000000008002cb8      0x1fc ./Drivers/STM32F4xx_HAL_Driver/Src/stm32f4xx_hal_i2c.o
                0x0000000008002cb8                HAL_I2C_Master_Transmit
 .text.HAL_I2C_Master_Receive
                0x0000000008002eb4      0x44c ./Drivers/STM32F4xx_HAL_Driver/Src/stm32f4xx_hal_i2c.o
                0x0000000008002eb4                HAL_I2C_Master_Receive
 .text.I2C_MasterRequestWrite
                0x0000000008003300      0x104 ./Drivers/STM32F4xx_HAL_Driver/Src/stm32f4xx_hal_i2c.o
 .text.I2C_MasterRequestRead
                0x0000000008003404      0x19c ./Drivers/STM32F4xx_HAL_Driver/Src/stm32f4xx_hal_i2c.o
 .text.I2C_WaitOnFlagUntilTimeout
                0x00000000080035a0       0xae ./Drivers/STM32F4xx_HAL_Driver/Src/stm32f4xx_hal_i2c.o
 .text.I2C_WaitOnMasterAddressFlagUntilTimeout
                0x000000000800364e       0xfe ./Drivers/STM32F4xx_HAL_Driver/Src/stm32f4xx_hal_i2c.o
 .text.I2C_WaitOnTXEFlagUntilTimeout
                0x000000000800374c       0x82 ./Drivers/STM32F4xx_HAL_Driver/Src/stm32f4xx_hal_i2c.o
 .text.I2C_WaitOnBTFFlagUntilTimeout
                0x00000000080037ce       0x82 ./Drivers/STM32F4xx_HAL_Driver/Src/stm32f4xx_hal_i2c.o
 .text.I2C_WaitOnRXNEFlagUntilTimeout
                0x0000000008003850       0xac ./Drivers/STM32F4xx_HAL_Driver/Src/stm32f4xx_hal_i2c.o
 .text.I2C_IsAcknowledgeFailed
                0x00000000080038fc       0x5e ./Drivers/STM32F4xx_HAL_Driver/Src/stm32f4xx_hal_i2c.o
 *fill*         0x000000000800395a        0x2 
 .text.HAL_RCC_OscConfig
                0x000000000800395c      0x4f0 ./Drivers/STM32F4xx_HAL_Driver/Src/stm32f4xx_hal_rcc.o
                0x000000000800395c                HAL_RCC_OscConfig
 .text.HAL_RCC_ClockConfig
                0x0000000008003e4c      0x1cc ./Drivers/STM32F4xx_HAL_Driver/Src/stm32f4xx_hal_rcc.o
                0x0000000008003e4c                HAL_RCC_ClockConfig
 .text.HAL_RCC_GetSysClockFreq
                0x0000000008004018      0x18c ./Drivers/STM32F4xx_HAL_Driver/Src/stm32f4xx_hal_rcc.o
                0x0000000008004018                HAL_RCC_GetSysClockFreq
 .text.HAL_RCC_GetHCLKFreq
                0x00000000080041a4       0x18 ./Drivers/STM32F4xx_HAL_Driver/Src/stm32f4xx_hal_rcc.o
                0x00000000080041a4                HAL_RCC_GetHCLKFreq
 .text.HAL_RCC_GetPCLK1Freq
                0x00000000080041bc       0x28 ./Drivers/STM32F4xx_HAL_Driver/Src/stm32f4xx_hal_rcc.o
                0x00000000080041bc                HAL_RCC_GetPCLK1Freq
 .text.HAL_TIM_PWM_Init
                0x00000000080041e4       0x9e ./Drivers/STM32F4xx_HAL_Driver/Src/stm32f4xx_hal_tim.o
                0x00000000080041e4                HAL_TIM_PWM_Init
 *fill*         0x0000000008004282        0x2 
 .text.HAL_TIM_PWM_Start
                0x0000000008004284      0x190 ./Drivers/STM32F4xx_HAL_Driver/Src/stm32f4xx_hal_tim.o
                0x0000000008004284                HAL_TIM_PWM_Start
 .text.HAL_TIM_PWM_Stop
                0x0000000008004414       0xe0 ./Drivers/STM32F4xx_HAL_Driver/Src/stm32f4xx_hal_tim.o
                0x0000000008004414                HAL_TIM_PWM_Stop
 .text.HAL_TIM_PWM_ConfigChannel
                0x00000000080044f4      0x184 ./Drivers/STM32F4xx_HAL_Driver/Src/stm32f4xx_hal_tim.o
                0x00000000080044f4                HAL_TIM_PWM_ConfigChannel
 .text.TIM_Base_SetConfig
                0x0000000008004678      0x140 ./Drivers/STM32F4xx_HAL_Driver/Src/stm32f4xx_hal_tim.o
                0x0000000008004678                TIM_Base_SetConfig
 .text.TIM_OC1_SetConfig
                0x00000000080047b8       0xe0 ./Drivers/STM32F4xx_HAL_Driver/Src/stm32f4xx_hal_tim.o
 .text.TIM_OC2_SetConfig
                0x0000000008004898       0xec ./Drivers/STM32F4xx_HAL_Driver/Src/stm32f4xx_hal_tim.o
                0x0000000008004898                TIM_OC2_SetConfig
 .text.TIM_OC3_SetConfig
                0x0000000008004984       0xe8 ./Drivers/STM32F4xx_HAL_Driver/Src/stm32f4xx_hal_tim.o
 .text.TIM_OC4_SetConfig
                0x0000000008004a6c       0xac ./Drivers/STM32F4xx_HAL_Driver/Src/stm32f4xx_hal_tim.o
 .text.TIM_CCxChannelCmd
                0x0000000008004b18       0x4a ./Drivers/STM32F4xx_HAL_Driver/Src/stm32f4xx_hal_tim.o
                0x0000000008004b18                TIM_CCxChannelCmd
 *fill*         0x0000000008004b62        0x2 
 .text.HAL_TIMEx_MasterConfigSynchronization
                0x0000000008004b64       0xf8 ./Drivers/STM32F4xx_HAL_Driver/Src/stm32f4xx_hal_tim_ex.o
                0x0000000008004b64                HAL_TIMEx_MasterConfigSynchronization
 .text.memset   0x0000000008004c5c       0x10 C:/ST/STM32CubeIDE_1.13.2/STM32CubeIDE/plugins/com.st.stm32cube.ide.mcu.externaltools.gnu-tools-for-stm32.11.3.rel1.win32_1.1.1.202309131626/tools/bin/../lib/gcc/arm-none-eabi/11.3.1/../../../../arm-none-eabi/lib/thumb/v7e-m+fp/hard\libc_nano.a(libc_a-memset.o)
                0x0000000008004c5c                memset
 .text.__libc_init_array
                0x0000000008004c6c       0x48 C:/ST/STM32CubeIDE_1.13.2/STM32CubeIDE/plugins/com.st.stm32cube.ide.mcu.externaltools.gnu-tools-for-stm32.11.3.rel1.win32_1.1.1.202309131626/tools/bin/../lib/gcc/arm-none-eabi/11.3.1/../../../../arm-none-eabi/lib/thumb/v7e-m+fp/hard\libc_nano.a(libc_a-init.o)
                0x0000000008004c6c                __libc_init_array
 *(.glue_7)
 .glue_7        0x0000000008004cb4        0x0 linker stubs
 *(.glue_7t)
 .glue_7t       0x0000000008004cb4        0x0 linker stubs
 *(.eh_frame)
 .eh_frame      0x0000000008004cb4        0x0 C:/ST/STM32CubeIDE_1.13.2/STM32CubeIDE/plugins/com.st.stm32cube.ide.mcu.externaltools.gnu-tools-for-stm32.11.3.rel1.win32_1.1.1.202309131626/tools/bin/../lib/gcc/arm-none-eabi/11.3.1/thumb/v7e-m+fp/hard/crtbegin.o
 *(.init)
 .init          0x0000000008004cb4        0x4 C:/ST/STM32CubeIDE_1.13.2/STM32CubeIDE/plugins/com.st.stm32cube.ide.mcu.externaltools.gnu-tools-for-stm32.11.3.rel1.win32_1.1.1.202309131626/tools/bin/../lib/gcc/arm-none-eabi/11.3.1/thumb/v7e-m+fp/hard/crti.o
                0x0000000008004cb4                _init
 .init          0x0000000008004cb8        0x8 C:/ST/STM32CubeIDE_1.13.2/STM32CubeIDE/plugins/com.st.stm32cube.ide.mcu.externaltools.gnu-tools-for-stm32.11.3.rel1.win32_1.1.1.202309131626/tools/bin/../lib/gcc/arm-none-eabi/11.3.1/thumb/v7e-m+fp/hard/crtn.o
 *(.fini)
 .fini          0x0000000008004cc0        0x4 C:/ST/STM32CubeIDE_1.13.2/STM32CubeIDE/plugins/com.st.stm32cube.ide.mcu.externaltools.gnu-tools-for-stm32.11.3.rel1.win32_1.1.1.202309131626/tools/bin/../lib/gcc/arm-none-eabi/11.3.1/thumb/v7e-m+fp/hard/crti.o
                0x0000000008004cc0                _fini
 .fini          0x0000000008004cc4        0x8 C:/ST/STM32CubeIDE_1.13.2/STM32CubeIDE/plugins/com.st.stm32cube.ide.mcu.externaltools.gnu-tools-for-stm32.11.3.rel1.win32_1.1.1.202309131626/tools/bin/../lib/gcc/arm-none-eabi/11.3.1/thumb/v7e-m+fp/hard/crtn.o
                0x0000000008004ccc                . = ALIGN (0x4)
                0x0000000008004ccc                _etext = .

.vfp11_veneer   0x0000000008004ccc        0x0
 .vfp11_veneer  0x0000000008004ccc        0x0 linker stubs

.v4_bx          0x0000000008004ccc        0x0
 .v4_bx         0x0000000008004ccc        0x0 linker stubs

.iplt           0x0000000008004ccc        0x0
 .iplt          0x0000000008004ccc        0x0 C:/ST/STM32CubeIDE_1.13.2/STM32CubeIDE/plugins/com.st.stm32cube.ide.mcu.externaltools.gnu-tools-for-stm32.11.3.rel1.win32_1.1.1.202309131626/tools/bin/../lib/gcc/arm-none-eabi/11.3.1/thumb/v7e-m+fp/hard/crtbegin.o

.rodata         0x0000000008004ccc       0x9c
                0x0000000008004ccc                . = ALIGN (0x4)
 *(.rodata)
 *(.rodata*)
 .rodata.AO_actorA
                0x0000000008004ccc        0x4 ./Core/Src/actorA.o
                0x0000000008004ccc                AO_actorA
 .rodata.Q_this_module_
                0x0000000008004cd0       0x13 ./Core/Src/main.o
 *fill*         0x0000000008004ce3        0x1 
 .rodata.AHBPrescTable
                0x0000000008004ce4       0x10 ./Core/Src/system_stm32f4xx.o
                0x0000000008004ce4                AHBPrescTable
 .rodata.APBPrescTable
                0x0000000008004cf4        0x8 ./Core/Src/system_stm32f4xx.o
                0x0000000008004cf4                APBPrescTable
 .rodata.digits
                0x0000000008004cfc        0xa ./Core/Src/util.o
 *fill*         0x0000000008004d06        0x2 
 .rodata.Q_this_module_
                0x0000000008004d08        0x8 ./Core/Src/qf/qep_hsm.o
 .rodata.QEP_reservedEvt_
                0x0000000008004d10       0x10 ./Core/Src/qf/qep_hsm.o
 .rodata.vtable.0
                0x0000000008004d20        0x8 ./Core/Src/qf/qep_hsm.o
 .rodata.Q_this_module_
                0x0000000008004d28        0x8 ./Core/Src/qf/qf_actq.o
 .rodata.Q_this_module_
                0x0000000008004d30        0x7 ./Core/Src/qf/qf_dyn.o
 *fill*         0x0000000008004d37        0x1 
 .rodata.Q_this_module_
                0x0000000008004d38        0x7 ./Core/Src/qf/qf_mem.o
 *fill*         0x0000000008004d3f        0x1 
 .rodata.Q_this_module_
                0x0000000008004d40        0x8 ./Core/Src/qf/qf_qact.o
 .rodata.vtable.0
                0x0000000008004d48       0x14 ./Core/Src/qf/qf_qact.o
 .rodata.Q_this_module_
                0x0000000008004d5c        0x8 ./Core/Src/qf/qf_time.o
 .rodata.Q_this_module_
                0x0000000008004d64        0x3 ./Core/Src/qv/qv.o
                0x0000000008004d68                . = ALIGN (0x4)
 *fill*         0x0000000008004d67        0x1 

.ARM.extab      0x0000000008004d68        0x0
                0x0000000008004d68                . = ALIGN (0x4)
 *(.ARM.extab* .gnu.linkonce.armextab.*)
                0x0000000008004d68                . = ALIGN (0x4)

.ARM            0x0000000008004d68        0x8
                0x0000000008004d68                . = ALIGN (0x4)
                0x0000000008004d68                __exidx_start = .
 *(.ARM.exidx*)
 .ARM.exidx     0x0000000008004d68        0x8 C:/ST/STM32CubeIDE_1.13.2/STM32CubeIDE/plugins/com.st.stm32cube.ide.mcu.externaltools.gnu-tools-for-stm32.11.3.rel1.win32_1.1.1.202309131626/tools/bin/../lib/gcc/arm-none-eabi/11.3.1/thumb/v7e-m+fp/hard\libgcc.a(_udivmoddi4.o)
                0x0000000008004d70                __exidx_end = .
                0x0000000008004d70                . = ALIGN (0x4)

.rel.dyn        0x0000000008004d70        0x0
 .rel.iplt      0x0000000008004d70        0x0 C:/ST/STM32CubeIDE_1.13.2/STM32CubeIDE/plugins/com.st.stm32cube.ide.mcu.externaltools.gnu-tools-for-stm32.11.3.rel1.win32_1.1.1.202309131626/tools/bin/../lib/gcc/arm-none-eabi/11.3.1/thumb/v7e-m+fp/hard/crtbegin.o

.preinit_array  0x0000000008004d70        0x0
                0x0000000008004d70                . = ALIGN (0x4)
                0x0000000008004d70                PROVIDE (__preinit_array_start = .)
 *(.preinit_array*)
                0x0000000008004d70                PROVIDE (__preinit_array_end = .)
                0x0000000008004d70                . = ALIGN (0x4)

.init_array     0x0000000008004d70        0x4
                0x0000000008004d70                . = ALIGN (0x4)
                0x0000000008004d70                PROVIDE (__init_array_start = .)
 *(SORT_BY_NAME(.init_array.*))
 *(.init_array*)
 .init_array    0x0000000008004d70        0x4 C:/ST/STM32CubeIDE_1.13.2/STM32CubeIDE/plugins/com.st.stm32cube.ide.mcu.externaltools.gnu-tools-for-stm32.11.3.rel1.win32_1.1.1.202309131626/tools/bin/../lib/gcc/arm-none-eabi/11.3.1/thumb/v7e-m+fp/hard/crtbegin.o
                0x0000000008004d74                PROVIDE (__init_array_end = .)
                0x0000000008004d74                . = ALIGN (0x4)

.fini_array     0x0000000008004d74        0x4
                0x0000000008004d74                . = ALIGN (0x4)
                [!provide]                        PROVIDE (__fini_array_start = .)
 *(SORT_BY_NAME(.fini_array.*))
 *(.fini_array*)
 .fini_array    0x0000000008004d74        0x4 C:/ST/STM32CubeIDE_1.13.2/STM32CubeIDE/plugins/com.st.stm32cube.ide.mcu.externaltools.gnu-tools-for-stm32.11.3.rel1.win32_1.1.1.202309131626/tools/bin/../lib/gcc/arm-none-eabi/11.3.1/thumb/v7e-m+fp/hard/crtbegin.o
                [!provide]                        PROVIDE (__fini_array_end = .)
                0x0000000008004d78                . = ALIGN (0x4)
                0x0000000008004d78                _sidata = LOADADDR (.data)

.data           0x0000000020000000       0x40 load address 0x0000000008004d78
                0x0000000020000000                . = ALIGN (0x4)
                0x0000000020000000                _sdata = .
 *(.data)
 *(.data*)
 .data.mtrx_buffA
                0x0000000020000000       0x14 ./Core/Src/actorA.o
                0x0000000020000000                mtrx_buffA
 .data.mtrx_buff_Off
                0x0000000020000014       0x14 ./Core/Src/actorA.o
                0x0000000020000014                mtrx_buff_Off
 .data.mtrx_buff
                0x0000000020000028        0x4 ./Core/Src/actorA.o
                0x0000000020000028                mtrx_buff
 .data.middle_mtrx
                0x000000002000002c        0x2 ./Core/Src/actorA.o
                0x000000002000002c                middle_mtrx
 *fill*         0x000000002000002e        0x2 
 .data.SystemCoreClock
                0x0000000020000030        0x4 ./Core/Src/system_stm32f4xx.o
                0x0000000020000030                SystemCoreClock
 .data.key2.3   0x0000000020000034        0x1 ./Core/Src/util.o
 .data.key3.2   0x0000000020000035        0x1 ./Core/Src/util.o
 .data.key2_prev.1
                0x0000000020000036        0x1 ./Core/Src/util.o
 .data.key3_prev.0
                0x0000000020000037        0x1 ./Core/Src/util.o
 .data.uwTickPrio
                0x0000000020000038        0x4 ./Drivers/STM32F4xx_HAL_Driver/Src/stm32f4xx_hal.o
                0x0000000020000038                uwTickPrio
 .data.uwTickFreq
                0x000000002000003c        0x1 ./Drivers/STM32F4xx_HAL_Driver/Src/stm32f4xx_hal.o
                0x000000002000003c                uwTickFreq
 *(.RamFunc)
 *(.RamFunc*)
                0x0000000020000040                . = ALIGN (0x4)
 *fill*         0x000000002000003d        0x3 
                0x0000000020000040                _edata = .
                0x0000000008004db8                _siccmram = LOADADDR (.ccmram)

.igot.plt       0x0000000020000040        0x0 load address 0x0000000008004db8
 .igot.plt      0x0000000020000040        0x0 C:/ST/STM32CubeIDE_1.13.2/STM32CubeIDE/plugins/com.st.stm32cube.ide.mcu.externaltools.gnu-tools-for-stm32.11.3.rel1.win32_1.1.1.202309131626/tools/bin/../lib/gcc/arm-none-eabi/11.3.1/thumb/v7e-m+fp/hard/crtbegin.o

.ccmram         0x0000000010000000        0x0 load address 0x0000000008004db8
                0x0000000010000000                . = ALIGN (0x4)
                0x0000000010000000                _sccmram = .
 *(.ccmram)
 *(.ccmram*)
                0x0000000010000000                . = ALIGN (0x4)
                0x0000000010000000                _eccmram = .
                0x0000000010000000                . = ALIGN (0x4)

.bss            0x0000000020000040     0x1240
                0x0000000020000040                _sbss = .
                0x0000000020000040                __bss_start__ = _sbss
 *(.bss)
 .bss           0x0000000020000040       0x1c C:/ST/STM32CubeIDE_1.13.2/STM32CubeIDE/plugins/com.st.stm32cube.ide.mcu.externaltools.gnu-tools-for-stm32.11.3.rel1.win32_1.1.1.202309131626/tools/bin/../lib/gcc/arm-none-eabi/11.3.1/thumb/v7e-m+fp/hard/crtbegin.o
 *(.bss*)
 .bss.ev        0x000000002000005c        0x4 ./Core/Src/actorA.o
                0x000000002000005c                ev
 .bss.l_actorA  0x0000000020000060       0x50 ./Core/Src/actorA.o
 .bss.activate  0x00000000200000b0        0x1 ./Core/Src/actorA.o
 .bss.btn.4     0x00000000200000b1        0x1 ./Core/Src/actorA.o
 .bss.btn_prev.3
                0x00000000200000b2        0x1 ./Core/Src/actorA.o
 .bss.mtrx_cntr.2
                0x00000000200000b3        0x1 ./Core/Src/actorA.o
 .bss.mtrx_idx.1
                0x00000000200000b4        0x1 ./Core/Src/actorA.o
 .bss.x.0       0x00000000200000b5        0x1 ./Core/Src/actorA.o
 *fill*         0x00000000200000b6        0x2 
 .bss.hi2c2     0x00000000200000b8       0x54 ./Core/Src/main.o
                0x00000000200000b8                hi2c2
 .bss.htim4     0x000000002000010c       0x48 ./Core/Src/main.o
                0x000000002000010c                htim4
 .bss.l_blinkyQSto
                0x0000000020000154       0x28 ./Core/Src/main.o
                0x0000000020000154                l_blinkyQSto
 .bss._buff     0x000000002000017c     0x1000 ./Core/Src/main.o
                0x000000002000017c                _buff
 .bss.digit_state
                0x000000002000117c        0x2 ./Core/Src/util.o
 *fill*         0x000000002000117e        0x2 
 .bss.timer_key2
                0x0000000020001180        0x4 ./Core/Src/util.o
                0x0000000020001180                timer_key2
 .bss.timer_key3
                0x0000000020001184        0x4 ./Core/Src/util.o
                0x0000000020001184                timer_key3
 .bss.timer_enc
                0x0000000020001188        0x4 ./Core/Src/util.o
                0x0000000020001188                timer_enc
 .bss.QF_maxPool_
                0x000000002000118c        0x4 ./Core/Src/qf/qf_dyn.o
                0x000000002000118c                QF_maxPool_
 .bss.QF_ePool_
                0x0000000020001190       0x3c ./Core/Src/qf/qf_dyn.o
                0x0000000020001190                QF_ePool_
 .bss.QActive_registry_
                0x00000000200011cc       0x84 ./Core/Src/qf/qf_qact.o
                0x00000000200011cc                QActive_registry_
 .bss.QF_readySet_
                0x0000000020001250        0x4 ./Core/Src/qf/qf_qact.o
                0x0000000020001250                QF_readySet_
 .bss.QTimeEvt_timeEvtHead_
                0x0000000020001254       0x28 ./Core/Src/qf/qf_time.o
                0x0000000020001254                QTimeEvt_timeEvtHead_
 .bss.uwTick    0x000000002000127c        0x4 ./Drivers/STM32F4xx_HAL_Driver/Src/stm32f4xx_hal.o
                0x000000002000127c                uwTick
 *(COMMON)
                0x0000000020001280                . = ALIGN (0x4)
                0x0000000020001280                _ebss = .
                0x0000000020001280                __bss_end__ = _ebss

._user_heap_stack
                0x0000000020001280      0x600
                0x0000000020001280                . = ALIGN (0x8)
                [!provide]                        PROVIDE (end = .)
                0x0000000020001280                PROVIDE (_end = .)
                0x0000000020001480                . = (. + _Min_Heap_Size)
 *fill*         0x0000000020001280      0x200 
                0x0000000020001880                . = (. + _Min_Stack_Size)
 *fill*         0x0000000020001480      0x400 
                0x0000000020001880                . = ALIGN (0x8)

/DISCARD/
 libc.a(*)
 libm.a(*)
 libgcc.a(*)

.ARM.attributes
                0x0000000000000000       0x30
 *(.ARM.attributes)
 .ARM.attributes
                0x0000000000000000       0x1e C:/ST/STM32CubeIDE_1.13.2/STM32CubeIDE/plugins/com.st.stm32cube.ide.mcu.externaltools.gnu-tools-for-stm32.11.3.rel1.win32_1.1.1.202309131626/tools/bin/../lib/gcc/arm-none-eabi/11.3.1/thumb/v7e-m+fp/hard/crti.o
 .ARM.attributes
                0x000000000000001e       0x34 C:/ST/STM32CubeIDE_1.13.2/STM32CubeIDE/plugins/com.st.stm32cube.ide.mcu.externaltools.gnu-tools-for-stm32.11.3.rel1.win32_1.1.1.202309131626/tools/bin/../lib/gcc/arm-none-eabi/11.3.1/thumb/v7e-m+fp/hard/crtbegin.o
 .ARM.attributes
                0x0000000000000052       0x34 ./Core/Src/actorA.o
 .ARM.attributes
                0x0000000000000086       0x34 ./Core/Src/bsp.o
 .ARM.attributes
                0x00000000000000ba       0x34 ./Core/Src/main.o
 .ARM.attributes
                0x00000000000000ee       0x34 ./Core/Src/stm32f4xx_hal_msp.o
 .ARM.attributes
                0x0000000000000122       0x34 ./Core/Src/stm32f4xx_it.o
 .ARM.attributes
                0x0000000000000156       0x34 ./Core/Src/system_stm32f4xx.o
 .ARM.attributes
                0x000000000000018a       0x34 ./Core/Src/util.o
 .ARM.attributes
                0x00000000000001be       0x34 ./Core/Src/qf/qep_hsm.o
 .ARM.attributes
                0x00000000000001f2       0x34 ./Core/Src/qf/qf_actq.o
 .ARM.attributes
                0x0000000000000226       0x34 ./Core/Src/qf/qf_dyn.o
 .ARM.attributes
                0x000000000000025a       0x34 ./Core/Src/qf/qf_mem.o
 .ARM.attributes
                0x000000000000028e       0x34 ./Core/Src/qf/qf_qact.o
 .ARM.attributes
                0x00000000000002c2       0x34 ./Core/Src/qf/qf_qeq.o
 .ARM.attributes
                0x00000000000002f6       0x34 ./Core/Src/qf/qf_time.o
 .ARM.attributes
                0x000000000000032a       0x34 ./Core/Src/qv/qv.o
 .ARM.attributes
                0x000000000000035e       0x21 ./Core/Startup/startup_stm32f407zgtx.o
 .ARM.attributes
                0x000000000000037f       0x34 ./Core/qv/gnu/qv_port.o
 .ARM.attributes
                0x00000000000003b3       0x34 ./Drivers/STM32F4xx_HAL_Driver/Src/stm32f4xx_hal.o
 .ARM.attributes
                0x00000000000003e7       0x34 ./Drivers/STM32F4xx_HAL_Driver/Src/stm32f4xx_hal_cortex.o
 .ARM.attributes
                0x000000000000041b       0x34 ./Drivers/STM32F4xx_HAL_Driver/Src/stm32f4xx_hal_gpio.o
 .ARM.attributes
                0x000000000000044f       0x34 ./Drivers/STM32F4xx_HAL_Driver/Src/stm32f4xx_hal_i2c.o
 .ARM.attributes
                0x0000000000000483       0x34 ./Drivers/STM32F4xx_HAL_Driver/Src/stm32f4xx_hal_rcc.o
 .ARM.attributes
                0x00000000000004b7       0x34 ./Drivers/STM32F4xx_HAL_Driver/Src/stm32f4xx_hal_tim.o
 .ARM.attributes
                0x00000000000004eb       0x34 ./Drivers/STM32F4xx_HAL_Driver/Src/stm32f4xx_hal_tim_ex.o
 .ARM.attributes
                0x000000000000051f       0x34 C:/ST/STM32CubeIDE_1.13.2/STM32CubeIDE/plugins/com.st.stm32cube.ide.mcu.externaltools.gnu-tools-for-stm32.11.3.rel1.win32_1.1.1.202309131626/tools/bin/../lib/gcc/arm-none-eabi/11.3.1/../../../../arm-none-eabi/lib/thumb/v7e-m+fp/hard\libc_nano.a(libc_a-memset.o)
 .ARM.attributes
                0x0000000000000553       0x34 C:/ST/STM32CubeIDE_1.13.2/STM32CubeIDE/plugins/com.st.stm32cube.ide.mcu.externaltools.gnu-tools-for-stm32.11.3.rel1.win32_1.1.1.202309131626/tools/bin/../lib/gcc/arm-none-eabi/11.3.1/../../../../arm-none-eabi/lib/thumb/v7e-m+fp/hard\libc_nano.a(libc_a-init.o)
 .ARM.attributes
                0x0000000000000587       0x1e C:/ST/STM32CubeIDE_1.13.2/STM32CubeIDE/plugins/com.st.stm32cube.ide.mcu.externaltools.gnu-tools-for-stm32.11.3.rel1.win32_1.1.1.202309131626/tools/bin/../lib/gcc/arm-none-eabi/11.3.1/thumb/v7e-m+fp/hard\libgcc.a(_aeabi_uldivmod.o)
 .ARM.attributes
                0x00000000000005a5       0x34 C:/ST/STM32CubeIDE_1.13.2/STM32CubeIDE/plugins/com.st.stm32cube.ide.mcu.externaltools.gnu-tools-for-stm32.11.3.rel1.win32_1.1.1.202309131626/tools/bin/../lib/gcc/arm-none-eabi/11.3.1/thumb/v7e-m+fp/hard\libgcc.a(_udivmoddi4.o)
 .ARM.attributes
                0x00000000000005d9       0x1e C:/ST/STM32CubeIDE_1.13.2/STM32CubeIDE/plugins/com.st.stm32cube.ide.mcu.externaltools.gnu-tools-for-stm32.11.3.rel1.win32_1.1.1.202309131626/tools/bin/../lib/gcc/arm-none-eabi/11.3.1/thumb/v7e-m+fp/hard\libgcc.a(_dvmd_tls.o)
 .ARM.attributes
                0x00000000000005f7       0x1e C:/ST/STM32CubeIDE_1.13.2/STM32CubeIDE/plugins/com.st.stm32cube.ide.mcu.externaltools.gnu-tools-for-stm32.11.3.rel1.win32_1.1.1.202309131626/tools/bin/../lib/gcc/arm-none-eabi/11.3.1/thumb/v7e-m+fp/hard/crtn.o
OUTPUT(QFrameworkApp.elf elf32-littlearm)
LOAD linker stubs
LOAD C:/ST/STM32CubeIDE_1.13.2/STM32CubeIDE/plugins/com.st.stm32cube.ide.mcu.externaltools.gnu-tools-for-stm32.11.3.rel1.win32_1.1.1.202309131626/tools/bin/../lib/gcc/arm-none-eabi/11.3.1/../../../../arm-none-eabi/lib/thumb/v7e-m+fp/hard\libc.a
LOAD C:/ST/STM32CubeIDE_1.13.2/STM32CubeIDE/plugins/com.st.stm32cube.ide.mcu.externaltools.gnu-tools-for-stm32.11.3.rel1.win32_1.1.1.202309131626/tools/bin/../lib/gcc/arm-none-eabi/11.3.1/../../../../arm-none-eabi/lib/thumb/v7e-m+fp/hard\libm.a
LOAD C:/ST/STM32CubeIDE_1.13.2/STM32CubeIDE/plugins/com.st.stm32cube.ide.mcu.externaltools.gnu-tools-for-stm32.11.3.rel1.win32_1.1.1.202309131626/tools/bin/../lib/gcc/arm-none-eabi/11.3.1/thumb/v7e-m+fp/hard\libgcc.a

.comment        0x0000000000000000       0x43
 .comment       0x0000000000000000       0x43 C:/ST/STM32CubeIDE_1.13.2/STM32CubeIDE/plugins/com.st.stm32cube.ide.mcu.externaltools.gnu-tools-for-stm32.11.3.rel1.win32_1.1.1.202309131626/tools/bin/../lib/gcc/arm-none-eabi/11.3.1/thumb/v7e-m+fp/hard/crtbegin.o
                                         0x44 (size before relaxing)
 .comment       0x0000000000000043       0x44 ./Core/Src/actorA.o
 .comment       0x0000000000000043       0x44 ./Core/Src/bsp.o
 .comment       0x0000000000000043       0x44 ./Core/Src/main.o
 .comment       0x0000000000000043       0x44 ./Core/Src/stm32f4xx_hal_msp.o
 .comment       0x0000000000000043       0x44 ./Core/Src/stm32f4xx_it.o
 .comment       0x0000000000000043       0x44 ./Core/Src/system_stm32f4xx.o
 .comment       0x0000000000000043       0x44 ./Core/Src/util.o
 .comment       0x0000000000000043       0x44 ./Core/Src/qf/qep_hsm.o
 .comment       0x0000000000000043       0x44 ./Core/Src/qf/qf_actq.o
 .comment       0x0000000000000043       0x44 ./Core/Src/qf/qf_dyn.o
 .comment       0x0000000000000043       0x44 ./Core/Src/qf/qf_mem.o
 .comment       0x0000000000000043       0x44 ./Core/Src/qf/qf_qact.o
 .comment       0x0000000000000043       0x44 ./Core/Src/qf/qf_qeq.o
 .comment       0x0000000000000043       0x44 ./Core/Src/qf/qf_time.o
 .comment       0x0000000000000043       0x44 ./Core/Src/qv/qv.o
 .comment       0x0000000000000043       0x44 ./Core/qv/gnu/qv_port.o
 .comment       0x0000000000000043       0x44 ./Drivers/STM32F4xx_HAL_Driver/Src/stm32f4xx_hal.o
 .comment       0x0000000000000043       0x44 ./Drivers/STM32F4xx_HAL_Driver/Src/stm32f4xx_hal_cortex.o
 .comment       0x0000000000000043       0x44 ./Drivers/STM32F4xx_HAL_Driver/Src/stm32f4xx_hal_gpio.o
 .comment       0x0000000000000043       0x44 ./Drivers/STM32F4xx_HAL_Driver/Src/stm32f4xx_hal_i2c.o
 .comment       0x0000000000000043       0x44 ./Drivers/STM32F4xx_HAL_Driver/Src/stm32f4xx_hal_rcc.o
 .comment       0x0000000000000043       0x44 ./Drivers/STM32F4xx_HAL_Driver/Src/stm32f4xx_hal_tim.o
 .comment       0x0000000000000043       0x44 ./Drivers/STM32F4xx_HAL_Driver/Src/stm32f4xx_hal_tim_ex.o

.debug_info     0x0000000000000000    0x107fd
 .debug_info    0x0000000000000000     0x109a ./Core/Src/actorA.o
 .debug_info    0x000000000000109a      0x167 ./Core/Src/bsp.o
 .debug_info    0x0000000000001201     0x175d ./Core/Src/main.o
 .debug_info    0x000000000000295e      0xd4e ./Core/Src/stm32f4xx_hal_msp.o
 .debug_info    0x00000000000036ac      0x163 ./Core/Src/stm32f4xx_it.o
 .debug_info    0x000000000000380f      0x512 ./Core/Src/system_stm32f4xx.o
 .debug_info    0x0000000000003d21      0x9da ./Core/Src/util.o
 .debug_info    0x00000000000046fb      0x7e2 ./Core/Src/qf/qep_hsm.o
 .debug_info    0x0000000000004edd      0xa36 ./Core/Src/qf/qf_actq.o
 .debug_info    0x0000000000005913      0x4a5 ./Core/Src/qf/qf_dyn.o
 .debug_info    0x0000000000005db8      0x321 ./Core/Src/qf/qf_mem.o
 .debug_info    0x00000000000060d9      0x8a2 ./Core/Src/qf/qf_qact.o
 .debug_info    0x000000000000697b      0x39a ./Core/Src/qf/qf_qeq.o
 .debug_info    0x0000000000006d15      0x990 ./Core/Src/qf/qf_time.o
 .debug_info    0x00000000000076a5      0x897 ./Core/Src/qv/qv.o
 .debug_info    0x0000000000007f3c       0x23 ./Core/Startup/startup_stm32f407zgtx.o
 .debug_info    0x0000000000007f5f       0xc5 ./Core/qv/gnu/qv_port.o
 .debug_info    0x0000000000008024      0x948 ./Drivers/STM32F4xx_HAL_Driver/Src/stm32f4xx_hal.o
 .debug_info    0x000000000000896c      0xd46 ./Drivers/STM32F4xx_HAL_Driver/Src/stm32f4xx_hal_cortex.o
 .debug_info    0x00000000000096b2      0x6c3 ./Drivers/STM32F4xx_HAL_Driver/Src/stm32f4xx_hal_gpio.o
 .debug_info    0x0000000000009d75     0x23e1 ./Drivers/STM32F4xx_HAL_Driver/Src/stm32f4xx_hal_i2c.o
 .debug_info    0x000000000000c156      0x8b1 ./Drivers/STM32F4xx_HAL_Driver/Src/stm32f4xx_hal_rcc.o
 .debug_info    0x000000000000ca07     0x2948 ./Drivers/STM32F4xx_HAL_Driver/Src/stm32f4xx_hal_tim.o
 .debug_info    0x000000000000f34f     0x14ae ./Drivers/STM32F4xx_HAL_Driver/Src/stm32f4xx_hal_tim_ex.o

.debug_abbrev   0x0000000000000000     0x33be
 .debug_abbrev  0x0000000000000000      0x319 ./Core/Src/actorA.o
 .debug_abbrev  0x0000000000000319       0xe5 ./Core/Src/bsp.o
 .debug_abbrev  0x00000000000003fe      0x3a2 ./Core/Src/main.o
 .debug_abbrev  0x00000000000007a0      0x1d4 ./Core/Src/stm32f4xx_hal_msp.o
 .debug_abbrev  0x0000000000000974       0xb3 ./Core/Src/stm32f4xx_it.o
 .debug_abbrev  0x0000000000000a27      0x11a ./Core/Src/system_stm32f4xx.o
 .debug_abbrev  0x0000000000000b41      0x265 ./Core/Src/util.o
 .debug_abbrev  0x0000000000000da6      0x33a ./Core/Src/qf/qep_hsm.o
 .debug_abbrev  0x00000000000010e0      0x2fc ./Core/Src/qf/qf_actq.o
 .debug_abbrev  0x00000000000013dc      0x23d ./Core/Src/qf/qf_dyn.o
 .debug_abbrev  0x0000000000001619      0x18c ./Core/Src/qf/qf_mem.o
 .debug_abbrev  0x00000000000017a5      0x27e ./Core/Src/qf/qf_qact.o
 .debug_abbrev  0x0000000000001a23      0x174 ./Core/Src/qf/qf_qeq.o
 .debug_abbrev  0x0000000000001b97      0x32b ./Core/Src/qf/qf_time.o
 .debug_abbrev  0x0000000000001ec2      0x327 ./Core/Src/qv/qv.o
 .debug_abbrev  0x00000000000021e9       0x12 ./Core/Startup/startup_stm32f407zgtx.o
 .debug_abbrev  0x00000000000021fb       0x65 ./Core/qv/gnu/qv_port.o
 .debug_abbrev  0x0000000000002260      0x213 ./Drivers/STM32F4xx_HAL_Driver/Src/stm32f4xx_hal.o
 .debug_abbrev  0x0000000000002473      0x327 ./Drivers/STM32F4xx_HAL_Driver/Src/stm32f4xx_hal_cortex.o
 .debug_abbrev  0x000000000000279a      0x1d4 ./Drivers/STM32F4xx_HAL_Driver/Src/stm32f4xx_hal_gpio.o
 .debug_abbrev  0x000000000000296e      0x2ad ./Drivers/STM32F4xx_HAL_Driver/Src/stm32f4xx_hal_i2c.o
 .debug_abbrev  0x0000000000002c1b      0x2b6 ./Drivers/STM32F4xx_HAL_Driver/Src/stm32f4xx_hal_rcc.o
 .debug_abbrev  0x0000000000002ed1      0x271 ./Drivers/STM32F4xx_HAL_Driver/Src/stm32f4xx_hal_tim.o
 .debug_abbrev  0x0000000000003142      0x27c ./Drivers/STM32F4xx_HAL_Driver/Src/stm32f4xx_hal_tim_ex.o

.debug_aranges  0x0000000000000000      0xf50
 .debug_aranges
                0x0000000000000000       0x30 ./Core/Src/actorA.o
 .debug_aranges
                0x0000000000000030       0x40 ./Core/Src/bsp.o
 .debug_aranges
                0x0000000000000070       0x48 ./Core/Src/main.o
 .debug_aranges
                0x00000000000000b8       0x48 ./Core/Src/stm32f4xx_hal_msp.o
 .debug_aranges
                0x0000000000000100       0x60 ./Core/Src/stm32f4xx_it.o
 .debug_aranges
                0x0000000000000160       0x28 ./Core/Src/system_stm32f4xx.o
 .debug_aranges
                0x0000000000000188       0x68 ./Core/Src/util.o
 .debug_aranges
                0x00000000000001f0       0x58 ./Core/Src/qf/qep_hsm.o
 .debug_aranges
                0x0000000000000248       0x68 ./Core/Src/qf/qf_actq.o
 .debug_aranges
                0x00000000000002b0       0x50 ./Core/Src/qf/qf_dyn.o
 .debug_aranges
                0x0000000000000300       0x30 ./Core/Src/qf/qf_mem.o
 .debug_aranges
                0x0000000000000330       0x38 ./Core/Src/qf/qf_qact.o
 .debug_aranges
                0x0000000000000368       0x38 ./Core/Src/qf/qf_qeq.o
 .debug_aranges
                0x00000000000003a0       0x58 ./Core/Src/qf/qf_time.o
 .debug_aranges
                0x00000000000003f8       0x50 ./Core/Src/qv/qv.o
 .debug_aranges
                0x0000000000000448       0x28 ./Core/Startup/startup_stm32f407zgtx.o
 .debug_aranges
                0x0000000000000470       0x20 ./Core/qv/gnu/qv_port.o
 .debug_aranges
                0x0000000000000490       0xf0 ./Drivers/STM32F4xx_HAL_Driver/Src/stm32f4xx_hal.o
 .debug_aranges
                0x0000000000000580      0x118 ./Drivers/STM32F4xx_HAL_Driver/Src/stm32f4xx_hal_cortex.o
 .debug_aranges
                0x0000000000000698       0x58 ./Drivers/STM32F4xx_HAL_Driver/Src/stm32f4xx_hal_gpio.o
 .debug_aranges
                0x00000000000006f0      0x2a0 ./Drivers/STM32F4xx_HAL_Driver/Src/stm32f4xx_hal_i2c.o
 .debug_aranges
                0x0000000000000990       0x88 ./Drivers/STM32F4xx_HAL_Driver/Src/stm32f4xx_hal_rcc.o
 .debug_aranges
                0x0000000000000a18      0x3d0 ./Drivers/STM32F4xx_HAL_Driver/Src/stm32f4xx_hal_tim.o
 .debug_aranges
                0x0000000000000de8      0x168 ./Drivers/STM32F4xx_HAL_Driver/Src/stm32f4xx_hal_tim_ex.o

.debug_rnglists
                0x0000000000000000      0xbda
 .debug_rnglists
                0x0000000000000000       0x20 ./Core/Src/actorA.o
 .debug_rnglists
                0x0000000000000020       0x2b ./Core/Src/bsp.o
 .debug_rnglists
                0x000000000000004b       0x35 ./Core/Src/main.o
 .debug_rnglists
                0x0000000000000080       0x32 ./Core/Src/stm32f4xx_hal_msp.o
 .debug_rnglists
                0x00000000000000b2       0x43 ./Core/Src/stm32f4xx_it.o
 .debug_rnglists
                0x00000000000000f5       0x1a ./Core/Src/system_stm32f4xx.o
 .debug_rnglists
                0x000000000000010f       0x4d ./Core/Src/util.o
 .debug_rnglists
                0x000000000000015c       0x40 ./Core/Src/qf/qep_hsm.o
 .debug_rnglists
                0x000000000000019c       0x4c ./Core/Src/qf/qf_actq.o
 .debug_rnglists
                0x00000000000001e8       0x3a ./Core/Src/qf/qf_dyn.o
 .debug_rnglists
                0x0000000000000222       0x21 ./Core/Src/qf/qf_mem.o
 .debug_rnglists
                0x0000000000000243       0x26 ./Core/Src/qf/qf_qact.o
 .debug_rnglists
                0x0000000000000269       0x28 ./Core/Src/qf/qf_qeq.o
 .debug_rnglists
                0x0000000000000291       0x4f ./Core/Src/qf/qf_time.o
 .debug_rnglists
                0x00000000000002e0       0x38 ./Core/Src/qv/qv.o
 .debug_rnglists
                0x0000000000000318       0x19 ./Core/Startup/startup_stm32f407zgtx.o
 .debug_rnglists
                0x0000000000000331       0x13 ./Core/qv/gnu/qv_port.o
 .debug_rnglists
                0x0000000000000344       0xaf ./Drivers/STM32F4xx_HAL_Driver/Src/stm32f4xx_hal.o
 .debug_rnglists
                0x00000000000003f3       0xce ./Drivers/STM32F4xx_HAL_Driver/Src/stm32f4xx_hal_cortex.o
 .debug_rnglists
                0x00000000000004c1       0x3f ./Drivers/STM32F4xx_HAL_Driver/Src/stm32f4xx_hal_gpio.o
 .debug_rnglists
                0x0000000000000500      0x235 ./Drivers/STM32F4xx_HAL_Driver/Src/stm32f4xx_hal_i2c.o
 .debug_rnglists
                0x0000000000000735       0x66 ./Drivers/STM32F4xx_HAL_Driver/Src/stm32f4xx_hal_rcc.o
 .debug_rnglists
                0x000000000000079b      0x31a ./Drivers/STM32F4xx_HAL_Driver/Src/stm32f4xx_hal_tim.o
 .debug_rnglists
                0x0000000000000ab5      0x125 ./Drivers/STM32F4xx_HAL_Driver/Src/stm32f4xx_hal_tim_ex.o

.debug_macro    0x0000000000000000    0x20ef9
 .debug_macro   0x0000000000000000      0x27f ./Core/Src/actorA.o
 .debug_macro   0x000000000000027f      0x29b ./Core/Src/actorA.o
 .debug_macro   0x000000000000051a       0x2e ./Core/Src/actorA.o
 .debug_macro   0x0000000000000548       0x2f ./Core/Src/actorA.o
 .debug_macro   0x0000000000000577       0x22 ./Core/Src/actorA.o
 .debug_macro   0x0000000000000599       0x8e ./Core/Src/actorA.o
 .debug_macro   0x0000000000000627       0x51 ./Core/Src/actorA.o
 .debug_macro   0x0000000000000678      0x103 ./Core/Src/actorA.o
 .debug_macro   0x000000000000077b       0x6a ./Core/Src/actorA.o
 .debug_macro   0x00000000000007e5      0x1df ./Core/Src/actorA.o
 .debug_macro   0x00000000000009c4       0x1c ./Core/Src/actorA.o
 .debug_macro   0x00000000000009e0       0x22 ./Core/Src/actorA.o
 .debug_macro   0x0000000000000a02       0xd9 ./Core/Src/actorA.o
 .debug_macro   0x0000000000000adb     0x102d ./Core/Src/actorA.o
 .debug_macro   0x0000000000001b08      0x11f ./Core/Src/actorA.o
 .debug_macro   0x0000000000001c27    0x15e82 ./Core/Src/actorA.o
 .debug_macro   0x0000000000017aa9       0x6d ./Core/Src/actorA.o
 .debug_macro   0x0000000000017b16     0x367e ./Core/Src/actorA.o
 .debug_macro   0x000000000001b194      0x174 ./Core/Src/actorA.o
 .debug_macro   0x000000000001b308       0x5c ./Core/Src/actorA.o
 .debug_macro   0x000000000001b364      0x96b ./Core/Src/actorA.o
 .debug_macro   0x000000000001bccf      0x9fe ./Core/Src/actorA.o
 .debug_macro   0x000000000001c6cd      0x115 ./Core/Src/actorA.o
 .debug_macro   0x000000000001c7e2      0x13e ./Core/Src/actorA.o
 .debug_macro   0x000000000001c920       0xa5 ./Core/Src/actorA.o
 .debug_macro   0x000000000001c9c5      0x174 ./Core/Src/actorA.o
 .debug_macro   0x000000000001cb39      0x287 ./Core/Src/actorA.o
 .debug_macro   0x000000000001cdc0       0x5f ./Core/Src/actorA.o
 .debug_macro   0x000000000001ce1f      0x236 ./Core/Src/actorA.o
 .debug_macro   0x000000000001d055      0x12c ./Core/Src/actorA.o
 .debug_macro   0x000000000001d181      0x21e ./Core/Src/actorA.o
 .debug_macro   0x000000000001d39f       0x2e ./Core/Src/actorA.o
 .debug_macro   0x000000000001d3cd      0x1b5 ./Core/Src/actorA.o
 .debug_macro   0x000000000001d582       0xd6 ./Core/Src/actorA.o
 .debug_macro   0x000000000001d658      0x11a ./Core/Src/actorA.o
 .debug_macro   0x000000000001d772       0x7e ./Core/Src/actorA.o
 .debug_macro   0x000000000001d7f0       0x89 ./Core/Src/actorA.o
 .debug_macro   0x000000000001d879      0x8e6 ./Core/Src/actorA.o
 .debug_macro   0x000000000001e15f       0x47 ./Core/Src/actorA.o
 .debug_macro   0x000000000001e1a6      0x12d ./Core/Src/actorA.o
 .debug_macro   0x000000000001e2d3       0x94 ./Core/Src/actorA.o
 .debug_macro   0x000000000001e367       0x52 ./Core/Src/actorA.o
 .debug_macro   0x000000000001e3b9       0x10 ./Core/Src/actorA.o
 .debug_macro   0x000000000001e3c9       0x22 ./Core/Src/actorA.o
 .debug_macro   0x000000000001e3eb       0xed ./Core/Src/actorA.o
 .debug_macro   0x000000000001e4d8       0x1c ./Core/Src/actorA.o
 .debug_macro   0x000000000001e4f4       0x10 ./Core/Src/actorA.o
 .debug_macro   0x000000000001e504       0x10 ./Core/Src/actorA.o
 .debug_macro   0x000000000001e514       0x1c ./Core/Src/actorA.o
 .debug_macro   0x000000000001e530       0x8c ./Core/Src/actorA.o
 .debug_macro   0x000000000001e5bc       0x78 ./Core/Src/actorA.o
 .debug_macro   0x000000000001e634       0xee ./Core/Src/actorA.o
 .debug_macro   0x000000000001e722       0x73 ./Core/Src/actorA.o
 .debug_macro   0x000000000001e795       0x10 ./Core/Src/actorA.o
 .debug_macro   0x000000000001e7a5       0x10 ./Core/Src/actorA.o
 .debug_macro   0x000000000001e7b5      0x25d ./Core/Src/bsp.o
 .debug_macro   0x000000000001ea12      0x26d ./Core/Src/main.o
 .debug_macro   0x000000000001ec7f      0x1ed ./Core/Src/stm32f4xx_hal_msp.o
 .debug_macro   0x000000000001ee6c      0x26d ./Core/Src/stm32f4xx_it.o
 .debug_macro   0x000000000001f0d9      0x1de ./Core/Src/system_stm32f4xx.o
 .debug_macro   0x000000000001f2b7      0x2c3 ./Core/Src/util.o
 .debug_macro   0x000000000001f57a      0x10e ./Core/Src/util.o
 .debug_macro   0x000000000001f688       0x8d ./Core/Src/util.o
 .debug_macro   0x000000000001f715       0x56 ./Core/Src/util.o
 .debug_macro   0x000000000001f76b       0xa8 ./Core/Src/qf/qep_hsm.o
 .debug_macro   0x000000000001f813      0x178 ./Core/Src/qf/qep_hsm.o
 .debug_macro   0x000000000001f98b       0xe5 ./Core/Src/qf/qf_actq.o
 .debug_macro   0x000000000001fa70       0x43 ./Core/Src/qf/qf_actq.o
 .debug_macro   0x000000000001fab3       0x62 ./Core/Src/qf/qf_actq.o
 .debug_macro   0x000000000001fb15       0xde ./Core/Src/qf/qf_dyn.o
 .debug_macro   0x000000000001fbf3       0xde ./Core/Src/qf/qf_mem.o
 .debug_macro   0x000000000001fcd1       0xd5 ./Core/Src/qf/qf_qact.o
 .debug_macro   0x000000000001fda6       0xde ./Core/Src/qf/qf_qeq.o
 .debug_macro   0x000000000001fe84       0xde ./Core/Src/qf/qf_time.o
 .debug_macro   0x000000000001ff62       0xde ./Core/Src/qv/qv.o
 .debug_macro   0x0000000000020040       0xd5 ./Core/qv/gnu/qv_port.o
 .debug_macro   0x0000000000020115      0x23e ./Drivers/STM32F4xx_HAL_Driver/Src/stm32f4xx_hal.o
 .debug_macro   0x0000000000020353      0x1de ./Drivers/STM32F4xx_HAL_Driver/Src/stm32f4xx_hal_cortex.o
 .debug_macro   0x0000000000020531      0x1e4 ./Drivers/STM32F4xx_HAL_Driver/Src/stm32f4xx_hal_gpio.o
 .debug_macro   0x0000000000020715      0x225 ./Drivers/STM32F4xx_HAL_Driver/Src/stm32f4xx_hal_i2c.o
 .debug_macro   0x000000000002093a      0x202 ./Drivers/STM32F4xx_HAL_Driver/Src/stm32f4xx_hal_rcc.o
 .debug_macro   0x0000000000020b3c      0x1df ./Drivers/STM32F4xx_HAL_Driver/Src/stm32f4xx_hal_tim.o
 .debug_macro   0x0000000000020d1b      0x1de ./Drivers/STM32F4xx_HAL_Driver/Src/stm32f4xx_hal_tim_ex.o

.debug_line     0x0000000000000000    0x13555
 .debug_line    0x0000000000000000      0x9c9 ./Core/Src/actorA.o
 .debug_line    0x00000000000009c9      0x86c ./Core/Src/bsp.o
 .debug_line    0x0000000000001235      0x9ba ./Core/Src/main.o
 .debug_line    0x0000000000001bef      0x815 ./Core/Src/stm32f4xx_hal_msp.o
 .debug_line    0x0000000000002404      0x8ec ./Core/Src/stm32f4xx_it.o
 .debug_line    0x0000000000002cf0      0x7e1 ./Core/Src/system_stm32f4xx.o
 .debug_line    0x00000000000034d1      0xa7d ./Core/Src/util.o
 .debug_line    0x0000000000003f4e      0x795 ./Core/Src/qf/qep_hsm.o
 .debug_line    0x00000000000046e3      0x75c ./Core/Src/qf/qf_actq.o
 .debug_line    0x0000000000004e3f      0x64f ./Core/Src/qf/qf_dyn.o
 .debug_line    0x000000000000548e      0x603 ./Core/Src/qf/qf_mem.o
 .debug_line    0x0000000000005a91      0x5f8 ./Core/Src/qf/qf_qact.o
 .debug_line    0x0000000000006089      0x656 ./Core/Src/qf/qf_qeq.o
 .debug_line    0x00000000000066df      0x717 ./Core/Src/qf/qf_time.o
 .debug_line    0x0000000000006df6      0x5e6 ./Core/Src/qv/qv.o
 .debug_line    0x00000000000073dc       0x7a ./Core/Startup/startup_stm32f407zgtx.o
 .debug_line    0x0000000000007456      0x4c9 ./Core/qv/gnu/qv_port.o
 .debug_line    0x000000000000791f      0xa47 ./Drivers/STM32F4xx_HAL_Driver/Src/stm32f4xx_hal.o
 .debug_line    0x0000000000008366      0xcf6 ./Drivers/STM32F4xx_HAL_Driver/Src/stm32f4xx_hal_cortex.o
 .debug_line    0x000000000000905c      0xbbb ./Drivers/STM32F4xx_HAL_Driver/Src/stm32f4xx_hal_gpio.o
 .debug_line    0x0000000000009c17     0x3a09 ./Drivers/STM32F4xx_HAL_Driver/Src/stm32f4xx_hal_i2c.o
 .debug_line    0x000000000000d620      0xdbe ./Drivers/STM32F4xx_HAL_Driver/Src/stm32f4xx_hal_rcc.o
 .debug_line    0x000000000000e3de     0x3733 ./Drivers/STM32F4xx_HAL_Driver/Src/stm32f4xx_hal_tim.o
 .debug_line    0x0000000000011b11     0x1a44 ./Drivers/STM32F4xx_HAL_Driver/Src/stm32f4xx_hal_tim_ex.o

.debug_str      0x0000000000000000    0xcd14b
 .debug_str     0x0000000000000000    0xc5893 ./Core/Src/actorA.o
                                      0xc5bc2 (size before relaxing)
 .debug_str     0x00000000000c5893       0x56 ./Core/Src/bsp.o
                                      0xc4f84 (size before relaxing)
 .debug_str     0x00000000000c58e9      0x6de ./Core/Src/main.o
                                      0xc60b1 (size before relaxing)
 .debug_str     0x00000000000c5fc7       0x9b ./Core/Src/stm32f4xx_hal_msp.o
                                      0xc3e6b (size before relaxing)
 .debug_str     0x00000000000c6062       0xd8 ./Core/Src/stm32f4xx_it.o
                                      0xc51d4 (size before relaxing)
 .debug_str     0x00000000000c613a       0xdb ./Core/Src/system_stm32f4xx.o
                                      0xc345c (size before relaxing)
 .debug_str     0x00000000000c6215     0x3268 ./Core/Src/util.o
                                      0xc6d71 (size before relaxing)
 .debug_str     0x00000000000c947d      0x451 ./Core/Src/qf/qep_hsm.o
                                       0x53a8 (size before relaxing)
 .debug_str     0x00000000000c98ce      0x631 ./Core/Src/qf/qf_actq.o
                                       0x62c4 (size before relaxing)
 .debug_str     0x00000000000c9eff       0xe3 ./Core/Src/qf/qf_dyn.o
                                       0x6057 (size before relaxing)
 .debug_str     0x00000000000c9fe2       0x33 ./Core/Src/qf/qf_mem.o
                                       0x5fc2 (size before relaxing)
 .debug_str     0x00000000000ca015       0x68 ./Core/Src/qf/qf_qact.o
                                       0x5b38 (size before relaxing)
 .debug_str     0x00000000000ca07d       0x59 ./Core/Src/qf/qf_qeq.o
                                       0x5fc8 (size before relaxing)
 .debug_str     0x00000000000ca0d6       0x98 ./Core/Src/qf/qf_time.o
                                       0x6298 (size before relaxing)
 .debug_str     0x00000000000ca16e       0x66 ./Core/Src/qv/qv.o
                                       0x628c (size before relaxing)
 .debug_str     0x00000000000ca1d4       0x34 ./Core/Startup/startup_stm32f407zgtx.o
                                         0x6a (size before relaxing)
 .debug_str     0x00000000000ca208       0xa9 ./Core/qv/gnu/qv_port.o
                                       0x5209 (size before relaxing)
 .debug_str     0x00000000000ca2b1      0xb07 ./Drivers/STM32F4xx_HAL_Driver/Src/stm32f4xx_hal.o
                                      0xc3fe0 (size before relaxing)
 .debug_str     0x00000000000cadb8      0x34d ./Drivers/STM32F4xx_HAL_Driver/Src/stm32f4xx_hal_cortex.o
                                      0xc3d13 (size before relaxing)
 .debug_str     0x00000000000cb105       0xf8 ./Drivers/STM32F4xx_HAL_Driver/Src/stm32f4xx_hal_gpio.o
                                      0xc35d7 (size before relaxing)
 .debug_str     0x00000000000cb1fd      0xae1 ./Drivers/STM32F4xx_HAL_Driver/Src/stm32f4xx_hal_i2c.o
                                      0xc4427 (size before relaxing)
 .debug_str     0x00000000000cbcde      0x213 ./Drivers/STM32F4xx_HAL_Driver/Src/stm32f4xx_hal_rcc.o
                                      0xc3890 (size before relaxing)
 .debug_str     0x00000000000cbef1      0xdc7 ./Drivers/STM32F4xx_HAL_Driver/Src/stm32f4xx_hal_tim.o
                                      0xc47d6 (size before relaxing)
 .debug_str     0x00000000000cccb8      0x493 ./Drivers/STM32F4xx_HAL_Driver/Src/stm32f4xx_hal_tim_ex.o
                                      0xc3ff2 (size before relaxing)

.debug_frame    0x0000000000000000     0x3e14
 .debug_frame   0x0000000000000000       0x80 ./Core/Src/actorA.o
 .debug_frame   0x0000000000000080       0xb8 ./Core/Src/bsp.o
 .debug_frame   0x0000000000000138       0xd8 ./Core/Src/main.o
 .debug_frame   0x0000000000000210       0xf4 ./Core/Src/stm32f4xx_hal_msp.o
 .debug_frame   0x0000000000000304      0x104 ./Core/Src/stm32f4xx_it.o
 .debug_frame   0x0000000000000408       0x58 ./Core/Src/system_stm32f4xx.o
 .debug_frame   0x0000000000000460      0x164 ./Core/Src/util.o
 .debug_frame   0x00000000000005c4      0x13c ./Core/Src/qf/qep_hsm.o
 .debug_frame   0x0000000000000700      0x17c ./Core/Src/qf/qf_actq.o
 .debug_frame   0x000000000000087c      0x108 ./Core/Src/qf/qf_dyn.o
 .debug_frame   0x0000000000000984       0x7c ./Core/Src/qf/qf_mem.o
 .debug_frame   0x0000000000000a00       0xa4 ./Core/Src/qf/qf_qact.o
 .debug_frame   0x0000000000000aa4       0xa4 ./Core/Src/qf/qf_qeq.o
 .debug_frame   0x0000000000000b48      0x140 ./Core/Src/qf/qf_time.o
 .debug_frame   0x0000000000000c88      0x104 ./Core/Src/qv/qv.o
 .debug_frame   0x0000000000000d8c       0x38 ./Core/qv/gnu/qv_port.o
 .debug_frame   0x0000000000000dc4      0x374 ./Drivers/STM32F4xx_HAL_Driver/Src/stm32f4xx_hal.o
 .debug_frame   0x0000000000001138      0x498 ./Drivers/STM32F4xx_HAL_Driver/Src/stm32f4xx_hal_cortex.o
 .debug_frame   0x00000000000015d0      0x14c ./Drivers/STM32F4xx_HAL_Driver/Src/stm32f4xx_hal_gpio.o
 .debug_frame   0x000000000000171c      0xc5c ./Drivers/STM32F4xx_HAL_Driver/Src/stm32f4xx_hal_i2c.o
 .debug_frame   0x0000000000002378      0x1f4 ./Drivers/STM32F4xx_HAL_Driver/Src/stm32f4xx_hal_rcc.o
 .debug_frame   0x000000000000256c     0x11c4 ./Drivers/STM32F4xx_HAL_Driver/Src/stm32f4xx_hal_tim.o
 .debug_frame   0x0000000000003730      0x638 ./Drivers/STM32F4xx_HAL_Driver/Src/stm32f4xx_hal_tim_ex.o
 .debug_frame   0x0000000000003d68       0x20 C:/ST/STM32CubeIDE_1.13.2/STM32CubeIDE/plugins/com.st.stm32cube.ide.mcu.externaltools.gnu-tools-for-stm32.11.3.rel1.win32_1.1.1.202309131626/tools/bin/../lib/gcc/arm-none-eabi/11.3.1/../../../../arm-none-eabi/lib/thumb/v7e-m+fp/hard\libc_nano.a(libc_a-memset.o)
 .debug_frame   0x0000000000003d88       0x2c C:/ST/STM32CubeIDE_1.13.2/STM32CubeIDE/plugins/com.st.stm32cube.ide.mcu.externaltools.gnu-tools-for-stm32.11.3.rel1.win32_1.1.1.202309131626/tools/bin/../lib/gcc/arm-none-eabi/11.3.1/../../../../arm-none-eabi/lib/thumb/v7e-m+fp/hard\libc_nano.a(libc_a-init.o)
 .debug_frame   0x0000000000003db4       0x2c C:/ST/STM32CubeIDE_1.13.2/STM32CubeIDE/plugins/com.st.stm32cube.ide.mcu.externaltools.gnu-tools-for-stm32.11.3.rel1.win32_1.1.1.202309131626/tools/bin/../lib/gcc/arm-none-eabi/11.3.1/thumb/v7e-m+fp/hard\libgcc.a(_aeabi_uldivmod.o)
 .debug_frame   0x0000000000003de0       0x34 C:/ST/STM32CubeIDE_1.13.2/STM32CubeIDE/plugins/com.st.stm32cube.ide.mcu.externaltools.gnu-tools-for-stm32.11.3.rel1.win32_1.1.1.202309131626/tools/bin/../lib/gcc/arm-none-eabi/11.3.1/thumb/v7e-m+fp/hard\libgcc.a(_udivmoddi4.o)

.debug_line_str
                0x0000000000000000       0x5e
 .debug_line_str
                0x0000000000000000       0x5e ./Core/Startup/startup_stm32f407zgtx.o
                                         0x76 (size before relaxing)
